Capturing coverage data from /home/dns/Desktop/sqe-a2-px4-kit/PX4-Autopilot/build/px4_sitl_test/src/modules/sensors/data_validator /home/dns/Desktop/sqe-a2-px4-kit/PX4-Autopilot/build/px4_sitl_test/src/modules/commander/failure_detector
geninfo cmd: '/home/dns/.local/bin/geninfo /home/dns/Desktop/sqe-a2-px4-kit/PX4-Autopilot/build/px4_sitl_test/src/modules/sensors/data_validator /home/dns/Desktop/sqe-a2-px4-kit/PX4-Autopilot/build/px4_sitl_test/src/modules/commander/failure_detector --output-filename /home/dns/Desktop/sqe-a2-px4-kit/evidence/coverage/student/initial.info --gcov-tool gcov --base-directory /home/dns/Desktop/sqe-a2-px4-kit/PX4-Autopilot/build/px4_sitl_test --ignore-errors mismatch --initial --rc branch_coverage=1 --memory 0 --branch-coverage'
Found gcov version: 13.3.0
Using intermediate gcov format
Writing temporary data to /tmp/geninfo_dat5pgd
Scanning /home/dns/Desktop/sqe-a2-px4-kit/PX4-Autopilot/build/px4_sitl_test/src/modules/sensors/data_validator for .gcno files ...
Found 5 graph files in /home/dns/Desktop/sqe-a2-px4-kit/PX4-Autopilot/build/px4_sitl_test/src/modules/sensors/data_validator
Processing /home/dns/Desktop/sqe-a2-px4-kit/PX4-Autopilot/build/px4_sitl_test/src/modules/sensors/data_validator/CMakeFiles/unit-SqeDataValidatorGroup.dir/SqeDataValidatorGroupTest.cpp.gcno
geninfo: WARNING: using JSON module "JSON::PP" - which is much slower than some alternatives.  Consider installing one of JSON::XS or Cpanel::JSON::XS
geninfo: WARNING: ('mismatch') mismatched end line for _ZN81SqeDvgTest_DVG01_FreshSingleSensor_QueriesReturnDefaultsAndNotFoundSentinels_Test8TestBodyEv at /home/dns/Desktop/sqe-a2-px4-kit/PX4-Autopilot/src/modules/sensors/data_validator/SqeDataValidatorGroupTest.cpp:43: 43 -> 54
geninfo: WARNING: ('mismatch') mismatched end line for _ZN70SqeDvgTest_DVG02_PutAtValidIndexSetsPriority_OutOfRangePutIgnored_Test8TestBodyEv at /home/dns/Desktop/sqe-a2-px4-kit/PX4-Autopilot/src/modules/sensors/data_validator/SqeDataValidatorGroupTest.cpp:62: 62 -> 78
	(use "geninfo --ignore-errors mismatch,mismatch ..." to suppress this warning)
geninfo: WARNING: ('mismatch') mismatched end line for _ZN65SqeDvgTest_DVG03_EmptyGroup_AllQueriesReturnSentinelsNoCrash_Test8TestBodyEv at /home/dns/Desktop/sqe-a2-px4-kit/PX4-Autopilot/src/modules/sensors/data_validator/SqeDataValidatorGroupTest.cpp:90: 90 -> 113
	(use "geninfo --ignore-errors mismatch,mismatch ..." to suppress this warning)
geninfo: WARNING: ('mismatch') mismatched end line for _ZN73SqeDvgTest_DVG04_AddNewValidatorAfterSetTimeout_InheritsGroupTimeout_Test8TestBodyEv at /home/dns/Desktop/sqe-a2-px4-kit/PX4-Autopilot/src/modules/sensors/data_validator/SqeDataValidatorGroupTest.cpp:122: 122 -> 141
	(use "geninfo --ignore-errors mismatch,mismatch ..." to suppress this warning)
geninfo: WARNING: ('mismatch') mismatched end line for _ZN79SqeDvgTest_DVG05_GroupTimeoutShorterThanDefault_BothSensorsTimeOutTogether_Test8TestBodyEv at /home/dns/Desktop/sqe-a2-px4-kit/PX4-Autopilot/src/modules/sensors/data_validator/SqeDataValidatorGroupTest.cpp:148: 148 -> 164
	(use "geninfo --ignore-errors mismatch,mismatch ..." to suppress this warning)
geninfo: WARNING: ('mismatch') mismatched end line for _ZN79SqeDvgTest_DVG06_GroupEqualValueThreshold_PropagatesToAllSiblingsAndStales_Test8TestBodyEv at /home/dns/Desktop/sqe-a2-px4-kit/PX4-Autopilot/src/modules/sensors/data_validator/SqeDataValidatorGroupTest.cpp:171: 171 -> 190
	(use "geninfo --ignore-errors mismatch,mismatch ..." to suppress this warning)
geninfo: WARNING: ('mismatch') mismatched end line for _ZN73SqeDvgTest_DVG07_EqualConfidenceDifferentPriority_HigherPriorityWins_Test8TestBodyEv at /home/dns/Desktop/sqe-a2-px4-kit/PX4-Autopilot/src/modules/sensors/data_validator/SqeDataValidatorGroupTest.cpp:197: 197 -> 209
	(use "geninfo --ignore-errors mismatch,mismatch ..." to suppress this warning)
geninfo: WARNING: ('mismatch') mismatched end line for _ZN72SqeDvgTest_DVG08_SecondFailover_CountsTwiceAndPrintShowsFailsafeYes_Test8TestBodyEv at /home/dns/Desktop/sqe-a2-px4-kit/PX4-Autopilot/src/modules/sensors/data_validator/SqeDataValidatorGroupTest.cpp:216: 216 -> 248
	(use "geninfo --ignore-errors mismatch,mismatch ..." to suppress this warning)
geninfo: WARNING: ('mismatch') mismatched end line for _ZN67SqeDvgTest_DVG09_PrintSkipsUnusedSensorsAndShowsPerSensorFlags_Test8TestBodyEv at /home/dns/Desktop/sqe-a2-px4-kit/PX4-Autopilot/src/modules/sensors/data_validator/SqeDataValidatorGroupTest.cpp:264: 264 -> 298
	(use "geninfo --ignore-errors mismatch,mismatch ..." to suppress this warning)
geninfo: WARNING: ('mismatch') mismatched end line for _ZN72SqeDvgDeathTest_DVG10_AddNewValidatorOnEmptyGroup_CrashesOnNullLast_Test8TestBodyEv at /home/dns/Desktop/sqe-a2-px4-kit/PX4-Autopilot/src/modules/sensors/data_validator/SqeDataValidatorGroupTest.cpp:306: 306 -> 314
	(use "geninfo --ignore-errors mismatch,mismatch ..." to suppress this warning)
geninfo: WARNING: ('mismatch') mismatched end line for _ZN86SqeDvgTest_DVG11_BothSensorsTimeOutAfterOneWasBest_IndexNegativeButPointerNonNull_Test8TestBodyEv at /home/dns/Desktop/sqe-a2-px4-kit/PX4-Autopilot/src/modules/sensors/data_validator/SqeDataValidatorGroupTest.cpp:323: 323 -> 338
	(use "geninfo --ignore-errors mismatch,mismatch ..." to suppress this warning)
geninfo: WARNING: ('mismatch') mismatched end line for _ZN72SqeDvgTest_DVG12_ConstructDestroyVariousSizes_LinksExactlyNSiblings_Test8TestBodyEv at /home/dns/Desktop/sqe-a2-px4-kit/PX4-Autopilot/src/modules/sensors/data_validator/SqeDataValidatorGroupTest.cpp:349: 349 -> 366
	(use "geninfo --ignore-errors mismatch,mismatch ..." to suppress this warning)
geninfo: WARNING: ('mismatch') mismatched end line for _ZN64SqeDvgTest_DVG13_PrintFedSensorWithStaleNoDataFlag_ShowsOff_Test8TestBodyEv at /home/dns/Desktop/sqe-a2-px4-kit/PX4-Autopilot/src/modules/sensors/data_validator/SqeDataValidatorGroupTest.cpp:374: 374 -> 392
	(use "geninfo --ignore-errors mismatch,mismatch ..." to suppress this warning)
geninfo: WARNING: ('mismatch') mismatched end line for _ZN81SqeDvgMcdcTest_MC01_EqualConfidenceHigherPriority_SwitchNotCountedAsFailover_TestC2Ev at /home/dns/Desktop/sqe-a2-px4-kit/PX4-Autopilot/src/modules/sensors/data_validator/SqeDataValidatorGroupTest.cpp:405: 420 -> 405
	(use "geninfo --ignore-errors mismatch,mismatch ..." to suppress this warning)
geninfo: WARNING: ('mismatch') mismatched end line for _ZN81SqeDvgMcdcTest_MC01_EqualConfidenceHigherPriority_SwitchNotCountedAsFailover_TestD0Ev at /home/dns/Desktop/sqe-a2-px4-kit/PX4-Autopilot/src/modules/sensors/data_validator/SqeDataValidatorGroupTest.cpp:405: 420 -> 405
	(use "geninfo --ignore-errors mismatch,mismatch ..." to suppress this warning)
geninfo: WARNING: ('mismatch') mismatched end line for _ZN81SqeDvgMcdcTest_MC01_EqualConfidenceHigherPriority_SwitchNotCountedAsFailover_TestD2Ev at /home/dns/Desktop/sqe-a2-px4-kit/PX4-Autopilot/src/modules/sensors/data_validator/SqeDataValidatorGroupTest.cpp:405: 420 -> 405
	(use "geninfo --ignore-errors mismatch,mismatch ..." to suppress this warning)
geninfo: WARNING: ('mismatch') mismatched end line for _ZN62SqeDvgMcdcTest_MC02_EqualConfidenceEqualPriority_NoSwitch_TestC2Ev at /home/dns/Desktop/sqe-a2-px4-kit/PX4-Autopilot/src/modules/sensors/data_validator/SqeDataValidatorGroupTest.cpp:426: 441 -> 426
	(use "geninfo --ignore-errors mismatch,mismatch ..." to suppress this warning)
geninfo: WARNING: ('mismatch') mismatched end line for _ZN62SqeDvgMcdcTest_MC02_EqualConfidenceEqualPriority_NoSwitch_TestD0Ev at /home/dns/Desktop/sqe-a2-px4-kit/PX4-Autopilot/src/modules/sensors/data_validator/SqeDataValidatorGroupTest.cpp:426: 441 -> 426
	(use "geninfo --ignore-errors mismatch,mismatch ..." to suppress this warning)
geninfo: WARNING: ('mismatch') mismatched end line for _ZN62SqeDvgMcdcTest_MC02_EqualConfidenceEqualPriority_NoSwitch_TestD2Ev at /home/dns/Desktop/sqe-a2-px4-kit/PX4-Autopilot/src/modules/sensors/data_validator/SqeDataValidatorGroupTest.cpp:426: 441 -> 426
	(use "geninfo --ignore-errors mismatch,mismatch ..." to suppress this warning)
geninfo: WARNING: ('mismatch') mismatched end line for _ZN63SqeDvgMcdcTest_MC03_LowerConfidenceHigherPriority_NoSwitch_TestC2Ev at /home/dns/Desktop/sqe-a2-px4-kit/PX4-Autopilot/src/modules/sensors/data_validator/SqeDataValidatorGroupTest.cpp:448: 462 -> 448
	(use "geninfo --ignore-errors mismatch,mismatch ..." to suppress this warning)
geninfo: WARNING: ('mismatch') mismatched end line for _ZN63SqeDvgMcdcTest_MC03_LowerConfidenceHigherPriority_NoSwitch_TestD2Ev at /home/dns/Desktop/sqe-a2-px4-kit/PX4-Autopilot/src/modules/sensors/data_validator/SqeDataValidatorGroupTest.cpp:448: 462 -> 448
	(use "geninfo --ignore-errors mismatch,mismatch ..." to suppress this warning)
geninfo: WARNING: ('mismatch') mismatched end line for _ZN63SqeDvgMcdcTest_MC03_LowerConfidenceHigherPriority_NoSwitch_TestD0Ev at /home/dns/Desktop/sqe-a2-px4-kit/PX4-Autopilot/src/modules/sensors/data_validator/SqeDataValidatorGroupTest.cpp:448: 462 -> 448
	(use "geninfo --ignore-errors mismatch,mismatch ..." to suppress this warning)
geninfo: WARNING: ('mismatch') mismatched end line for _ZN78SqeDvgMcdcTest_MC04_HigherConfidenceEqualPriority_SwitchCountedAsFailover_TestD2Ev at /home/dns/Desktop/sqe-a2-px4-kit/PX4-Autopilot/src/modules/sensors/data_validator/SqeDataValidatorGroupTest.cpp:471: 486 -> 471
	(use "geninfo --ignore-errors mismatch,mismatch ..." to suppress this warning)
geninfo: WARNING: ('mismatch') mismatched end line for _ZN78SqeDvgMcdcTest_MC04_HigherConfidenceEqualPriority_SwitchCountedAsFailover_TestD0Ev at /home/dns/Desktop/sqe-a2-px4-kit/PX4-Autopilot/src/modules/sensors/data_validator/SqeDataValidatorGroupTest.cpp:471: 486 -> 471
	(use "geninfo --ignore-errors mismatch,mismatch ..." to suppress this warning)
geninfo: WARNING: ('mismatch') mismatched end line for _ZN78SqeDvgMcdcTest_MC04_HigherConfidenceEqualPriority_SwitchCountedAsFailover_TestC2Ev at /home/dns/Desktop/sqe-a2-px4-kit/PX4-Autopilot/src/modules/sensors/data_validator/SqeDataValidatorGroupTest.cpp:471: 486 -> 471
	(use "geninfo --ignore-errors mismatch,mismatch ..." to suppress this warning)
geninfo: WARNING: ('mismatch') mismatched end line for _ZN63SqeDvgMcdcTest_MC05_HigherConfidenceLowerPriority_NoSwitch_Test8TestBodyEv at /home/dns/Desktop/sqe-a2-px4-kit/PX4-Autopilot/src/modules/sensors/data_validator/SqeDataValidatorGroupTest.cpp:492: 492 -> 506
	(use "geninfo --ignore-errors mismatch,mismatch ..." to suppress this warning)
geninfo: WARNING: ('mismatch') mismatched end line for _ZN62SqeDvgMcdcTest_MC06_LowerConfidenceEqualPriority_NoSwitch_Test8TestBodyEv at /home/dns/Desktop/sqe-a2-px4-kit/PX4-Autopilot/src/modules/sensors/data_validator/SqeDataValidatorGroupTest.cpp:512: 512 -> 526
	(use "geninfo --ignore-errors mismatch,mismatch ..." to suppress this warning)
geninfo: WARNING: ('mismatch') mismatched end line for _ZN82SqeDvgMcdcTest_MC07_BelowThresholdConfidenceReplacedByAboveThreshold_Switches_Test8TestBodyEv at /home/dns/Desktop/sqe-a2-px4-kit/PX4-Autopilot/src/modules/sensors/data_validator/SqeDataValidatorGroupTest.cpp:535: 535 -> 550
	(use "geninfo --ignore-errors mismatch,mismatch ..." to suppress this warning)
geninfo: WARNING: ('mismatch') mismatched end line for _ZN80SqeDvgMcdcTest_MC08_AboveThresholdConfidenceLowerPriorityCandidate_NoSwitch_Test8TestBodyEv at /home/dns/Desktop/sqe-a2-px4-kit/PX4-Autopilot/src/modules/sensors/data_validator/SqeDataValidatorGroupTest.cpp:558: 558 -> 572
	(use "geninfo --ignore-errors mismatch,mismatch ..." to suppress this warning)
geninfo: WARNING: ('mismatch') mismatched end line for _ZN75SqeDvgMcdcTest_MC09_FarBelowThresholdReplacedByAboveThreshold_Switches_TestC2Ev at /home/dns/Desktop/sqe-a2-px4-kit/PX4-Autopilot/src/modules/sensors/data_validator/SqeDataValidatorGroupTest.cpp:578: 593 -> 578
	(use "geninfo --ignore-errors mismatch,mismatch ..." to suppress this warning)
geninfo: WARNING: ('mismatch') mismatched end line for _ZN75SqeDvgMcdcTest_MC09_FarBelowThresholdReplacedByAboveThreshold_Switches_TestD0Ev at /home/dns/Desktop/sqe-a2-px4-kit/PX4-Autopilot/src/modules/sensors/data_validator/SqeDataValidatorGroupTest.cpp:578: 593 -> 578
	(use "geninfo --ignore-errors mismatch,mismatch ..." to suppress this warning)
geninfo: WARNING: ('mismatch') mismatched end line for _ZN75SqeDvgMcdcTest_MC09_FarBelowThresholdReplacedByAboveThreshold_Switches_TestD2Ev at /home/dns/Desktop/sqe-a2-px4-kit/PX4-Autopilot/src/modules/sensors/data_validator/SqeDataValidatorGroupTest.cpp:578: 593 -> 578
	(use "geninfo --ignore-errors mismatch,mismatch ..." to suppress this warning)
geninfo: WARNING: ('mismatch') mismatched end line for _ZN74SqeDvgMcdcTest_MC10_BothBelowThresholdLowerPriorityCandidate_NoSwitch_TestC2Ev at /home/dns/Desktop/sqe-a2-px4-kit/PX4-Autopilot/src/modules/sensors/data_validator/SqeDataValidatorGroupTest.cpp:600: 614 -> 600
	(use "geninfo --ignore-errors mismatch,mismatch ..." to suppress this warning)
geninfo: WARNING: ('mismatch') mismatched end line for _ZN74SqeDvgMcdcTest_MC10_BothBelowThresholdLowerPriorityCandidate_NoSwitch_TestD2Ev at /home/dns/Desktop/sqe-a2-px4-kit/PX4-Autopilot/src/modules/sensors/data_validator/SqeDataValidatorGroupTest.cpp:600: 614 -> 600
	(use "geninfo --ignore-errors mismatch,mismatch ..." to suppress this warning)
geninfo: WARNING: ('mismatch') mismatched end line for _ZN74SqeDvgMcdcTest_MC10_BothBelowThresholdLowerPriorityCandidate_NoSwitch_TestD0Ev at /home/dns/Desktop/sqe-a2-px4-kit/PX4-Autopilot/src/modules/sensors/data_validator/SqeDataValidatorGroupTest.cpp:600: 614 -> 600
	(use "geninfo --ignore-errors mismatch,mismatch ..." to suppress this warning)
geninfo: WARNING: ('mismatch') mismatched end line for _ZN62SqeDvgMcdcTest_MC11_FirstCallNeverPut_NoCandidateSelected_Test8TestBodyEv at /home/dns/Desktop/sqe-a2-px4-kit/PX4-Autopilot/src/modules/sensors/data_validator/SqeDataValidatorGroupTest.cpp:621: 621 -> 631
	(use "geninfo --ignore-errors mismatch,mismatch ..." to suppress this warning)
geninfo: WARNING: ('mismatch') mismatched end line for _ZN56SqeDvgMcdcTest_MC12_FirstCallOneSensorPut_SelectsIt_Test8TestBodyEv at /home/dns/Desktop/sqe-a2-px4-kit/PX4-Autopilot/src/modules/sensors/data_validator/SqeDataValidatorGroupTest.cpp:638: 638 -> 649
	(use "geninfo --ignore-errors mismatch,mismatch ..." to suppress this warning)
geninfo: WARNING: ('mismatch') mismatched end line for _ZN82SqeDvgMcdcTest_MC13_SensorZeroTimesOutSensorOneTakesOver_RealFailoverReported_TestD2Ev at /home/dns/Desktop/sqe-a2-px4-kit/PX4-Autopilot/src/modules/sensors/data_validator/SqeDataValidatorGroupTest.cpp:659: 679 -> 659
	(use "geninfo --ignore-errors mismatch,mismatch ..." to suppress this warning)
geninfo: WARNING: ('mismatch') mismatched end line for _ZN82SqeDvgMcdcTest_MC13_SensorZeroTimesOutSensorOneTakesOver_RealFailoverReported_TestD0Ev at /home/dns/Desktop/sqe-a2-px4-kit/PX4-Autopilot/src/modules/sensors/data_validator/SqeDataValidatorGroupTest.cpp:659: 679 -> 659
	(use "geninfo --ignore-errors mismatch,mismatch ..." to suppress this warning)
geninfo: WARNING: ('mismatch') mismatched end line for _ZN82SqeDvgMcdcTest_MC13_SensorZeroTimesOutSensorOneTakesOver_RealFailoverReported_TestC2Ev at /home/dns/Desktop/sqe-a2-px4-kit/PX4-Autopilot/src/modules/sensors/data_validator/SqeDataValidatorGroupTest.cpp:659: 679 -> 659
	(use "geninfo --ignore-errors mismatch,mismatch ..." to suppress this warning)
geninfo: WARNING: ('mismatch') mismatched end line for _ZN70SqeDvgMcdcTest_MC14_StableSensorKeepsWinningOnPriority_NoFailover_TestD2Ev at /home/dns/Desktop/sqe-a2-px4-kit/PX4-Autopilot/src/modules/sensors/data_validator/SqeDataValidatorGroupTest.cpp:687: 702 -> 687
	(use "geninfo --ignore-errors mismatch,mismatch ..." to suppress this warning)
geninfo: WARNING: ('mismatch') mismatched end line for _ZN70SqeDvgMcdcTest_MC14_StableSensorKeepsWinningOnPriority_NoFailover_TestD0Ev at /home/dns/Desktop/sqe-a2-px4-kit/PX4-Autopilot/src/modules/sensors/data_validator/SqeDataValidatorGroupTest.cpp:687: 702 -> 687
	(use "geninfo --ignore-errors mismatch,mismatch ..." to suppress this warning)
geninfo: WARNING: ('mismatch') mismatched end line for _ZN70SqeDvgMcdcTest_MC14_StableSensorKeepsWinningOnPriority_NoFailover_TestC2Ev at /home/dns/Desktop/sqe-a2-px4-kit/PX4-Autopilot/src/modules/sensors/data_validator/SqeDataValidatorGroupTest.cpp:687: 702 -> 687
	(use "geninfo --ignore-errors mismatch,mismatch ..." to suppress this warning)
geninfo: WARNING: ('mismatch') mismatched end line for _ZN63SqeDvgMcdcTest_MC18_SingleSensorFreshDataStable_NoFailover_TestC2Ev at /home/dns/Desktop/sqe-a2-px4-kit/PX4-Autopilot/src/modules/sensors/data_validator/SqeDataValidatorGroupTest.cpp:709: 724 -> 709
	(use "geninfo --ignore-errors mismatch,mismatch ..." to suppress this warning)
geninfo: WARNING: ('mismatch') mismatched end line for _ZN63SqeDvgMcdcTest_MC18_SingleSensorFreshDataStable_NoFailover_TestD0Ev at /home/dns/Desktop/sqe-a2-px4-kit/PX4-Autopilot/src/modules/sensors/data_validator/SqeDataValidatorGroupTest.cpp:709: 724 -> 709
	(use "geninfo --ignore-errors mismatch,mismatch ..." to suppress this warning)
geninfo: WARNING: ('mismatch') mismatched end line for _ZN63SqeDvgMcdcTest_MC18_SingleSensorFreshDataStable_NoFailover_TestD2Ev at /home/dns/Desktop/sqe-a2-px4-kit/PX4-Autopilot/src/modules/sensors/data_validator/SqeDataValidatorGroupTest.cpp:709: 724 -> 709
	(use "geninfo --ignore-errors mismatch,mismatch ..." to suppress this warning)
geninfo: WARNING: ('mismatch') mismatched end line for _ZN80SqeDvgMcdcTest_MC19_SingleSensorSilentPastTimeout_FailoverViaConfidenceDrop_TestD0Ev at /home/dns/Desktop/sqe-a2-px4-kit/PX4-Autopilot/src/modules/sensors/data_validator/SqeDataValidatorGroupTest.cpp:733: 752 -> 733
	(use "geninfo --ignore-errors mismatch,mismatch ..." to suppress this warning)
geninfo: WARNING: ('mismatch') mismatched end line for _ZN80SqeDvgMcdcTest_MC19_SingleSensorSilentPastTimeout_FailoverViaConfidenceDrop_TestC2Ev at /home/dns/Desktop/sqe-a2-px4-kit/PX4-Autopilot/src/modules/sensors/data_validator/SqeDataValidatorGroupTest.cpp:733: 752 -> 733
	(use "geninfo --ignore-errors mismatch,mismatch ..." to suppress this warning)
geninfo: WARNING: ('mismatch') mismatched end line for _ZN80SqeDvgMcdcTest_MC19_SingleSensorSilentPastTimeout_FailoverViaConfidenceDrop_TestD2Ev at /home/dns/Desktop/sqe-a2-px4-kit/PX4-Autopilot/src/modules/sensors/data_validator/SqeDataValidatorGroupTest.cpp:733: 752 -> 733
	(use "geninfo --ignore-errors mismatch,mismatch ..." to suppress this warning)
geninfo: WARNING: ('mismatch') mismatched end line for _ZN65SqeDvgMcdcTest_MC20_SingleSensorNeverFed_NoCandidateSelected_Test8TestBodyEv at /home/dns/Desktop/sqe-a2-px4-kit/PX4-Autopilot/src/modules/sensors/data_validator/SqeDataValidatorGroupTest.cpp:761: 761 -> 771
	(use "geninfo --ignore-errors mismatch,mismatch ..." to suppress this warning)
geninfo: WARNING: ('mismatch') mismatched end line for _ZN71SqeDvgMcdcTest_MC21_FirstCallKFalseControlVector_NoFailoverCounted_TestC2Ev at /home/dns/Desktop/sqe-a2-px4-kit/PX4-Autopilot/src/modules/sensors/data_validator/SqeDataValidatorGroupTest.cpp:784: 796 -> 784
	(use "geninfo --ignore-errors mismatch,mismatch ..." to suppress this warning)
geninfo: WARNING: ('mismatch') mismatched end line for _ZN71SqeDvgMcdcTest_MC21_FirstCallKFalseControlVector_NoFailoverCounted_TestD0Ev at /home/dns/Desktop/sqe-a2-px4-kit/PX4-Autopilot/src/modules/sensors/data_validator/SqeDataValidatorGroupTest.cpp:784: 796 -> 784
	(use "geninfo --ignore-errors mismatch,mismatch ..." to suppress this warning)
geninfo: WARNING: ('mismatch') mismatched end line for _ZN71SqeDvgMcdcTest_MC21_FirstCallKFalseControlVector_NoFailoverCounted_TestD2Ev at /home/dns/Desktop/sqe-a2-px4-kit/PX4-Autopilot/src/modules/sensors/data_validator/SqeDataValidatorGroupTest.cpp:784: 796 -> 784
	(use "geninfo --ignore-errors mismatch,mismatch ..." to suppress this warning)
geninfo: WARNING: ('mismatch') mismatched end line for _ZN78SqeDvgMcdcTest_MC22_HigherPriorityButLargeConfidenceJump_CountsAsFailover_Test8TestBodyEv at /home/dns/Desktop/sqe-a2-px4-kit/PX4-Autopilot/src/modules/sensors/data_validator/SqeDataValidatorGroupTest.cpp:806: 806 -> 821
	(use "geninfo --ignore-errors mismatch,mismatch ..." to suppress this warning)
geninfo: WARNING: ('mismatch') mismatched end line for _ZN75SqeDvgMcdcTest_MC23_SensorZeroRecoversAfterFailover_NoFailoverReported_Test8TestBodyEv at /home/dns/Desktop/sqe-a2-px4-kit/PX4-Autopilot/src/modules/sensors/data_validator/SqeDataValidatorGroupTest.cpp:830: 830 -> 855
	(use "geninfo --ignore-errors mismatch,mismatch ..." to suppress this warning)
geninfo: WARNING: ('mismatch') mismatched end line for _ZN70SqeDvgMcdcTest_MC24_SensorNeverBestTimesOut_NotReportedAsFailover_Test8TestBodyEv at /home/dns/Desktop/sqe-a2-px4-kit/PX4-Autopilot/src/modules/sensors/data_validator/SqeDataValidatorGroupTest.cpp:866: 866 -> 884
	(use "geninfo --ignore-errors mismatch,mismatch ..." to suppress this warning)
geninfo: WARNING: ('mismatch') mismatched end line for _ZN77SqeDvgMcdcTest_MC25_PutWithTimestampZeroResetsUsed_NotReportedAsFailover_Test8TestBodyEv at /home/dns/Desktop/sqe-a2-px4-kit/PX4-Autopilot/src/modules/sensors/data_validator/SqeDataValidatorGroupTest.cpp:896: 896 -> 919
	(use "geninfo --ignore-errors mismatch,mismatch ..." to suppress this warning)
geninfo: WARNING: ('mismatch') mismatched end line for _ZN56SqeDvgTest_DISABLED_PRB03_AllFailedShouldReturnNull_Test8TestBodyEv at /home/dns/Desktop/sqe-a2-px4-kit/PX4-Autopilot/src/modules/sensors/data_validator/SqeDataValidatorGroupTest.cpp:927: 927 -> 939
	(use "geninfo --ignore-errors mismatch,mismatch ..." to suppress this warning)
Processing /home/dns/Desktop/sqe-a2-px4-kit/PX4-Autopilot/build/px4_sitl_test/src/modules/sensors/data_validator/CMakeFiles/unit-SqeDataValidatorGroupAlloc.dir/SqeDataValidatorGroupAllocTest.cpp.gcno
geninfo: WARNING: ('mismatch') mismatched end line for _ZN85SqeDvgAllocTest_AF01_AddNewValidatorAllocationFails_ReturnsNullAndGroupUnchanged_Test8TestBodyEv at /home/dns/Desktop/sqe-a2-px4-kit/PX4-Autopilot/src/modules/sensors/data_validator/SqeDataValidatorGroupAllocTest.cpp:74: 74 -> 97
	(use "geninfo --ignore-errors mismatch,mismatch ..." to suppress this warning)
geninfo: WARNING: ('mismatch') mismatched end line for _ZN78SqeDvgAllocTest_AF02_ConstructorSingleAllocationFails_GroupIsEmptyNoCrash_Test8TestBodyEv at /home/dns/Desktop/sqe-a2-px4-kit/PX4-Autopilot/src/modules/sensors/data_validator/SqeDataValidatorGroupAllocTest.cpp:104: 104 -> 115
	(use "geninfo --ignore-errors mismatch,mismatch ..." to suppress this warning)
geninfo: WARNING: ('mismatch') mismatched end line for _ZN76SqeDvgAllocTest_AF03_ConstructorMiddleAllocationFails_CrashesOnNullPrev_TestD2Ev at /home/dns/Desktop/sqe-a2-px4-kit/PX4-Autopilot/src/modules/sensors/data_validator/SqeDataValidatorGroupAllocTest.cpp:123: 131 -> 123
	(use "geninfo --ignore-errors mismatch,mismatch ..." to suppress this warning)
geninfo: WARNING: ('mismatch') mismatched end line for _ZN76SqeDvgAllocTest_AF03_ConstructorMiddleAllocationFails_CrashesOnNullPrev_TestD0Ev at /home/dns/Desktop/sqe-a2-px4-kit/PX4-Autopilot/src/modules/sensors/data_validator/SqeDataValidatorGroupAllocTest.cpp:123: 131 -> 123
	(use "geninfo --ignore-errors mismatch,mismatch ..." to suppress this warning)
geninfo: WARNING: ('mismatch') mismatched end line for _ZN76SqeDvgAllocTest_AF03_ConstructorMiddleAllocationFails_CrashesOnNullPrev_TestC2Ev at /home/dns/Desktop/sqe-a2-px4-kit/PX4-Autopilot/src/modules/sensors/data_validator/SqeDataValidatorGroupAllocTest.cpp:123: 131 -> 123
	(use "geninfo --ignore-errors mismatch,mismatch ..." to suppress this warning)
Processing /home/dns/Desktop/sqe-a2-px4-kit/PX4-Autopilot/build/px4_sitl_test/src/modules/sensors/data_validator/CMakeFiles/unit-SqeDataValidator.dir/SqeDataValidatorTest.cpp.gcno
geninfo: WARNING: ('mismatch') mismatched end line for _ZN78SqeDataValidatorTest_DV01_FirstSample_InitialisesAndReportsFullConfidence_Test8TestBodyEv at /home/dns/Desktop/sqe-a2-px4-kit/PX4-Autopilot/src/modules/sensors/data_validator/SqeDataValidatorTest.cpp:33: 33 -> 51
	(use "geninfo --ignore-errors mismatch,mismatch ..." to suppress this warning)
geninfo: WARNING: ('mismatch') mismatched end line for _ZN62SqeDataValidatorTest_DV02_SecondSample_ComputesWelfordRms_Test8TestBodyEv at /home/dns/Desktop/sqe-a2-px4-kit/PX4-Autopilot/src/modules/sensors/data_validator/SqeDataValidatorTest.cpp:59: 59 -> 70
	(use "geninfo --ignore-errors mismatch,mismatch ..." to suppress this warning)
geninfo: WARNING: ('mismatch') mismatched end line for _ZN76SqeDataValidatorTest_DV03_EqualCountThreshold_BoundaryNotStaleThenStale_Test8TestBodyEv at /home/dns/Desktop/sqe-a2-px4-kit/PX4-Autopilot/src/modules/sensors/data_validator/SqeDataValidatorTest.cpp:77: 77 -> 93
	(use "geninfo --ignore-errors mismatch,mismatch ..." to suppress this warning)
geninfo: WARNING: ('mismatch') mismatched end line for _ZN74SqeDataValidatorTest_DV04_DifferingAxisResetsEqualCountAndClearsStale_Test8TestBodyEv at /home/dns/Desktop/sqe-a2-px4-kit/PX4-Autopilot/src/modules/sensors/data_validator/SqeDataValidatorTest.cpp:101: 101 -> 117
	(use "geninfo --ignore-errors mismatch,mismatch ..." to suppress this warning)
geninfo: WARNING: ('mismatch') mismatched end line for _ZN78SqeDataValidatorTest_DV05_ScalarPut_PadsAxesAndSharesEqualCountAcrossAxes_TestC2Ev at /home/dns/Desktop/sqe-a2-px4-kit/PX4-Autopilot/src/modules/sensors/data_validator/SqeDataValidatorTest.cpp:126: 141 -> 126
	(use "geninfo --ignore-errors mismatch,mismatch ..." to suppress this warning)
geninfo: WARNING: ('mismatch') mismatched end line for _ZN78SqeDataValidatorTest_DV05_ScalarPut_PadsAxesAndSharesEqualCountAcrossAxes_TestD2Ev at /home/dns/Desktop/sqe-a2-px4-kit/PX4-Autopilot/src/modules/sensors/data_validator/SqeDataValidatorTest.cpp:126: 141 -> 126
	(use "geninfo --ignore-errors mismatch,mismatch ..." to suppress this warning)
geninfo: WARNING: ('mismatch') mismatched end line for _ZN78SqeDataValidatorTest_DV05_ScalarPut_PadsAxesAndSharesEqualCountAcrossAxes_TestD0Ev at /home/dns/Desktop/sqe-a2-px4-kit/PX4-Autopilot/src/modules/sensors/data_validator/SqeDataValidatorTest.cpp:126: 141 -> 126
	(use "geninfo --ignore-errors mismatch,mismatch ..." to suppress this warning)
geninfo: WARNING: ('mismatch') mismatched end line for _ZN62SqeDataValidatorTest_DV06_NonFiniteAxesAreIgnoredOnUpdate_Test8TestBodyEv at /home/dns/Desktop/sqe-a2-px4-kit/PX4-Autopilot/src/modules/sensors/data_validator/SqeDataValidatorTest.cpp:148: 148 -> 159
	(use "geninfo --ignore-errors mismatch,mismatch ..." to suppress this warning)
geninfo: WARNING: ('mismatch') mismatched end line for _ZN91SqeDataValidatorTest_DV07_AllNonFiniteStream_LeavesValueAtZeroButReportsFullConfidence_Test8TestBodyEv at /home/dns/Desktop/sqe-a2-px4-kit/PX4-Autopilot/src/modules/sensors/data_validator/SqeDataValidatorTest.cpp:168: 168 -> 186
	(use "geninfo --ignore-errors mismatch,mismatch ..." to suppress this warning)
geninfo: WARNING: ('mismatch') mismatched end line for _ZN68SqeDataValidatorTest_DV08_RepeatedErrorCount_DensityDecaysByOne_Test8TestBodyEv at /home/dns/Desktop/sqe-a2-px4-kit/PX4-Autopilot/src/modules/sensors/data_validator/SqeDataValidatorTest.cpp:193: 193 -> 202
	(use "geninfo --ignore-errors mismatch,mismatch ..." to suppress this warning)
geninfo: WARNING: ('mismatch') mismatched end line for _ZN71SqeDataValidatorTest_DV09_ZeroErrorCount_DensityStaysFlooredAtZero_Test8TestBodyEv at /home/dns/Desktop/sqe-a2-px4-kit/PX4-Autopilot/src/modules/sensors/data_validator/SqeDataValidatorTest.cpp:209: 209 -> 218
	(use "geninfo --ignore-errors mismatch,mismatch ..." to suppress this warning)
geninfo: WARNING: ('mismatch') mismatched end line for _ZN75SqeDataValidatorTest_DV10_DecreasingErrorCount_StillDecaysDensityByOne_Test8TestBodyEv at /home/dns/Desktop/sqe-a2-px4-kit/PX4-Autopilot/src/modules/sensors/data_validator/SqeDataValidatorTest.cpp:226: 226 -> 235
	(use "geninfo --ignore-errors mismatch,mismatch ..." to suppress this warning)
geninfo: WARNING: ('mismatch') mismatched end line for _ZN53SqeDataValidatorTest_DV11_NeverPut_ReportsNoData_Test8TestBodyEv at /home/dns/Desktop/sqe-a2-px4-kit/PX4-Autopilot/src/modules/sensors/data_validator/SqeDataValidatorTest.cpp:242: 242 -> 246
	(use "geninfo --ignore-errors mismatch,mismatch ..." to suppress this warning)
geninfo: WARNING: ('mismatch') mismatched end line for _ZN77SqeDataValidatorTest_DV12_TimeoutBoundary_ExactlyAtIntervalIsNotTimedOut_Test8TestBodyEv at /home/dns/Desktop/sqe-a2-px4-kit/PX4-Autopilot/src/modules/sensors/data_validator/SqeDataValidatorTest.cpp:256: 256 -> 275
	(use "geninfo --ignore-errors mismatch,mismatch ..." to suppress this warning)
geninfo: WARNING: ('mismatch') mismatched end line for _ZN83SqeDataValidatorTest_DV13_ErrorCountAboveLimit_AccumulatesDensityAndCountFlags_Test8TestBodyEv at /home/dns/Desktop/sqe-a2-px4-kit/PX4-Autopilot/src/modules/sensors/data_validator/SqeDataValidatorTest.cpp:284: 284 -> 295
	(use "geninfo --ignore-errors mismatch,mismatch ..." to suppress this warning)
geninfo: WARNING: ('mismatch') mismatched end line for _ZN65SqeDataValidatorTest_DV14_DensityCapAtWindow_DecaysOnNextPut_Test8TestBodyEv at /home/dns/Desktop/sqe-a2-px4-kit/PX4-Autopilot/src/modules/sensors/data_validator/SqeDataValidatorTest.cpp:304: 304 -> 315
	(use "geninfo --ignore-errors mismatch,mismatch ..." to suppress this warning)
geninfo: WARNING: ('mismatch') mismatched end line for _ZN77SqeDataValidatorTest_DV15_DensityExactlyAtWindow_ZeroConfidenceButNoFlag_TestC2Ev at /home/dns/Desktop/sqe-a2-px4-kit/PX4-Autopilot/src/modules/sensors/data_validator/SqeDataValidatorTest.cpp:323: 331 -> 323
	(use "geninfo --ignore-errors mismatch,mismatch ..." to suppress this warning)
geninfo: WARNING: ('mismatch') mismatched end line for _ZN77SqeDataValidatorTest_DV15_DensityExactlyAtWindow_ZeroConfidenceButNoFlag_TestD2Ev at /home/dns/Desktop/sqe-a2-px4-kit/PX4-Autopilot/src/modules/sensors/data_validator/SqeDataValidatorTest.cpp:323: 331 -> 323
	(use "geninfo --ignore-errors mismatch,mismatch ..." to suppress this warning)
geninfo: WARNING: ('mismatch') mismatched end line for _ZN77SqeDataValidatorTest_DV15_DensityExactlyAtWindow_ZeroConfidenceButNoFlag_TestD0Ev at /home/dns/Desktop/sqe-a2-px4-kit/PX4-Autopilot/src/modules/sensors/data_validator/SqeDataValidatorTest.cpp:323: 331 -> 323
	(use "geninfo --ignore-errors mismatch,mismatch ..." to suppress this warning)
geninfo: WARNING: ('mismatch') mismatched end line for _ZN73SqeDataValidatorTest_DV16_TimeoutThenFreshPut_RecoversFullConfidence_Test8TestBodyEv at /home/dns/Desktop/sqe-a2-px4-kit/PX4-Autopilot/src/modules/sensors/data_validator/SqeDataValidatorTest.cpp:338: 338 -> 351
	(use "geninfo --ignore-errors mismatch,mismatch ..." to suppress this warning)
geninfo: WARNING: ('mismatch') mismatched end line for _ZN71SqeDataValidatorTest_DV17_NoDataThenHighErrorCount_FlagsAccumulate_Test8TestBodyEv at /home/dns/Desktop/sqe-a2-px4-kit/PX4-Autopilot/src/modules/sensors/data_validator/SqeDataValidatorTest.cpp:358: 358 -> 368
	(use "geninfo --ignore-errors mismatch,mismatch ..." to suppress this warning)
geninfo: WARNING: ('mismatch') mismatched end line for _ZN60SqeDataValidatorTest_DV18_PrintWithNoData_ReportsNoData_Test8TestBodyEv at /home/dns/Desktop/sqe-a2-px4-kit/PX4-Autopilot/src/modules/sensors/data_validator/SqeDataValidatorTest.cpp:375: 375 -> 382
	(use "geninfo --ignore-errors mismatch,mismatch ..." to suppress this warning)
geninfo: WARNING: ('mismatch') mismatched end line for _ZN84SqeDataValidatorTest_DV19_PrintWithData_PrintsThreeLinesAndTimesOutAsSideEffect_TestD2Ev at /home/dns/Desktop/sqe-a2-px4-kit/PX4-Autopilot/src/modules/sensors/data_validator/SqeDataValidatorTest.cpp:391: 410 -> 391
	(use "geninfo --ignore-errors mismatch,mismatch ..." to suppress this warning)
geninfo: WARNING: ('mismatch') mismatched end line for _ZN84SqeDataValidatorTest_DV19_PrintWithData_PrintsThreeLinesAndTimesOutAsSideEffect_TestD0Ev at /home/dns/Desktop/sqe-a2-px4-kit/PX4-Autopilot/src/modules/sensors/data_validator/SqeDataValidatorTest.cpp:391: 410 -> 391
	(use "geninfo --ignore-errors mismatch,mismatch ..." to suppress this warning)
geninfo: WARNING: ('mismatch') mismatched end line for _ZN84SqeDataValidatorTest_DV19_PrintWithData_PrintsThreeLinesAndTimesOutAsSideEffect_TestC2Ev at /home/dns/Desktop/sqe-a2-px4-kit/PX4-Autopilot/src/modules/sensors/data_validator/SqeDataValidatorTest.cpp:391: 410 -> 391
	(use "geninfo --ignore-errors mismatch,mismatch ..." to suppress this warning)
geninfo: WARNING: ('mismatch') mismatched end line for _ZN78SqeDataValidatorTest_DV20_TimestampZero_NeverMarksUsedAndReInitsOnNextPut_TestD2Ev at /home/dns/Desktop/sqe-a2-px4-kit/PX4-Autopilot/src/modules/sensors/data_validator/SqeDataValidatorTest.cpp:419: 437 -> 419
	(use "geninfo --ignore-errors mismatch,mismatch ..." to suppress this warning)
geninfo: WARNING: ('mismatch') mismatched end line for _ZN78SqeDataValidatorTest_DV20_TimestampZero_NeverMarksUsedAndReInitsOnNextPut_TestD0Ev at /home/dns/Desktop/sqe-a2-px4-kit/PX4-Autopilot/src/modules/sensors/data_validator/SqeDataValidatorTest.cpp:419: 437 -> 419
	(use "geninfo --ignore-errors mismatch,mismatch ..." to suppress this warning)
geninfo: WARNING: ('mismatch') mismatched end line for _ZN78SqeDataValidatorTest_DV20_TimestampZero_NeverMarksUsedAndReInitsOnNextPut_TestC2Ev at /home/dns/Desktop/sqe-a2-px4-kit/PX4-Autopilot/src/modules/sensors/data_validator/SqeDataValidatorTest.cpp:419: 437 -> 419
	(use "geninfo --ignore-errors mismatch,mismatch ..." to suppress this warning)
geninfo: WARNING: ('mismatch') mismatched end line for _ZN78SqeDataValidatorTest_DISABLED_PRB01_NonFiniteStreamShouldReduceConfidence_Test8TestBodyEv at /home/dns/Desktop/sqe-a2-px4-kit/PX4-Autopilot/src/modules/sensors/data_validator/SqeDataValidatorTest.cpp:445: 445 -> 458
	(use "geninfo --ignore-errors mismatch,mismatch ..." to suppress this warning)
geninfo: WARNING: ('mismatch') mismatched end line for _ZN69SqeDataValidatorTest_DISABLED_PRB02_DensityAtWindowShouldSetFlag_TestD2Ev at /home/dns/Desktop/sqe-a2-px4-kit/PX4-Autopilot/src/modules/sensors/data_validator/SqeDataValidatorTest.cpp:466: 472 -> 466
	(use "geninfo --ignore-errors mismatch,mismatch ..." to suppress this warning)
geninfo: WARNING: ('mismatch') mismatched end line for _ZN69SqeDataValidatorTest_DISABLED_PRB02_DensityAtWindowShouldSetFlag_TestD0Ev at /home/dns/Desktop/sqe-a2-px4-kit/PX4-Autopilot/src/modules/sensors/data_validator/SqeDataValidatorTest.cpp:466: 472 -> 466
	(use "geninfo --ignore-errors mismatch,mismatch ..." to suppress this warning)
geninfo: WARNING: ('mismatch') mismatched end line for _ZN69SqeDataValidatorTest_DISABLED_PRB02_DensityAtWindowShouldSetFlag_TestC2Ev at /home/dns/Desktop/sqe-a2-px4-kit/PX4-Autopilot/src/modules/sensors/data_validator/SqeDataValidatorTest.cpp:466: 472 -> 466
	(use "geninfo --ignore-errors mismatch,mismatch ..." to suppress this warning)
Processing /home/dns/Desktop/sqe-a2-px4-kit/PX4-Autopilot/build/px4_sitl_test/src/modules/sensors/data_validator/CMakeFiles/data_validator.dir/DataValidator.cpp.gcno
Processing /home/dns/Desktop/sqe-a2-px4-kit/PX4-Autopilot/build/px4_sitl_test/src/modules/sensors/data_validator/CMakeFiles/data_validator.dir/DataValidatorGroup.cpp.gcno
Scanning /home/dns/Desktop/sqe-a2-px4-kit/PX4-Autopilot/build/px4_sitl_test/src/modules/commander/failure_detector for .gcno files ...
Found 5 graph files in /home/dns/Desktop/sqe-a2-px4-kit/PX4-Autopilot/build/px4_sitl_test/src/modules/commander/failure_detector
Processing /home/dns/Desktop/sqe-a2-px4-kit/PX4-Autopilot/build/px4_sitl_test/src/modules/commander/failure_detector/CMakeFiles/failure_detector.dir/FailureDetector.cpp.gcno
Processing /home/dns/Desktop/sqe-a2-px4-kit/PX4-Autopilot/build/px4_sitl_test/src/modules/commander/failure_detector/CMakeFiles/failure_detector.dir/FailureInjector.cpp.gcno
Processing /home/dns/Desktop/sqe-a2-px4-kit/PX4-Autopilot/build/px4_sitl_test/src/modules/commander/failure_detector/CMakeFiles/functional-SqeFailureDetectorImu.dir/SqeFailureDetectorImuTest.cpp.gcno
geninfo: WARNING: ('mismatch') mismatched end line for _ZN82SqeFailureDetectorImuTest_FDI01_ImbalancedVariance_SetsFlagWithExpectedMetric_Test8TestBodyEv at /home/dns/Desktop/sqe-a2-px4-kit/PX4-Autopilot/src/modules/commander/failure_detector/SqeFailureDetectorImuTest.cpp:132: 132 -> 144
	(use "geninfo --ignore-errors mismatch,mismatch ..." to suppress this warning)
geninfo: WARNING: ('mismatch') mismatched end line for _ZN77SqeFailureDetectorImuTest_FDI02_EqualVariances_MetricZero_FlagStaysFalse_Test8TestBodyEv at /home/dns/Desktop/sqe-a2-px4-kit/PX4-Autopilot/src/modules/commander/failure_detector/SqeFailureDetectorImuTest.cpp:150: 150 -> 162
	(use "geninfo --ignore-errors mismatch,mismatch ..." to suppress this warning)
geninfo: WARNING: ('mismatch') mismatched end line for _ZN70SqeFailureDetectorImuTest_FDI03_ThresholdZero_SubroutineNeverRuns_Test8TestBodyEv at /home/dns/Desktop/sqe-a2-px4-kit/PX4-Autopilot/src/modules/commander/failure_detector/SqeFailureDetectorImuTest.cpp:169: 169 -> 181
	(use "geninfo --ignore-errors mismatch,mismatch ..." to suppress this warning)
geninfo: WARNING: ('mismatch') mismatched end line for _ZN87SqeFailureDetectorImuTest_FDI04_SelectedAccelOnInstance1_DetectedViaInstanceSearch_Test8TestBodyEv at /home/dns/Desktop/sqe-a2-px4-kit/PX4-Autopilot/src/modules/commander/failure_detector/SqeFailureDetectorImuTest.cpp:190: 190 -> 201
	(use "geninfo --ignore-errors mismatch,mismatch ..." to suppress this warning)
geninfo: WARNING: ('mismatch') mismatched end line for _ZN74SqeFailureDetectorImuTest_FDI05_SelectedAccelOnNoInstance_NoDetection_Test8TestBodyEv at /home/dns/Desktop/sqe-a2-px4-kit/PX4-Autopilot/src/modules/commander/failure_detector/SqeFailureDetectorImuTest.cpp:209: 209 -> 221
	(use "geninfo --ignore-errors mismatch,mismatch ..." to suppress this warning)
geninfo: WARNING: ('mismatch') mismatched end line for _ZN63SqeFailureDetectorImuTest_FDI06_DeviceIdZero_NoComputation_Test8TestBodyEv at /home/dns/Desktop/sqe-a2-px4-kit/PX4-Autopilot/src/modules/commander/failure_detector/SqeFailureDetectorImuTest.cpp:229: 229 -> 241
	(use "geninfo --ignore-errors mismatch,mismatch ..." to suppress this warning)
Processing /home/dns/Desktop/sqe-a2-px4-kit/PX4-Autopilot/build/px4_sitl_test/src/modules/commander/failure_detector/CMakeFiles/functional-SqeFailureInjector.dir/SqeFailureInjectorTest.cpp.gcno
Processing /home/dns/Desktop/sqe-a2-px4-kit/PX4-Autopilot/build/px4_sitl_test/src/modules/commander/failure_detector/CMakeFiles/functional-SqeFailureDetector.dir/SqeFailureDetectorTest.cpp.gcno
Finished .info-file creation
