[1/20] Generating git version header
[2/18] Linking CXX executable unit-mag_calibration_test
[3/18] Linking CXX executable unit-SqeDataValidatorGroupAlloc
[4/18] Generating px4 event json file from source
[5/18] Linking CXX executable functional-SqeFailureDetector
[6/18] Linking CXX executable functional-ModeManagement
[7/18] Linking CXX executable functional-SqeLandDetectorBoot
[8/18] Generating combined event json file
[9/18] Generating component_general.json and checksums.h
[10/18] ROMFS: copying extras
[11/18] Building CXX object src/modules/logger/CMakeFiles/modules__logger.dir/logger.cpp.o
[12/18] Linking CXX static library src/modules/logger/libmodules__logger.a
[13/18] Building CXX object src/modules/mavlink/CMakeFiles/modules__mavlink.dir/mavlink_messages.cpp.o
[14/18] Linking CXX static library src/modules/mavlink/libmodules__mavlink.a
[15/18] Linking CXX executable unit-MavlinkStatustextHandler
[16/18] Linking CXX executable mavlink_fuzz_tests
[17/18] Linking CXX executable bin/px4
[17/18] Running tests
   Site: LifeLine
   Build name: Linux-c++
Test project /root/audit/PX4-Autopilot/build/px4_sitl_test
No tests were found!!!
