=== 2026-10-07T17:09:40+05:00 full rebuild (all upstream + student test binaries relinked)
build rc=0
compiler warnings: 0
=== 2026-10-07T17:09:45+05:00 ctest -R Sqe
ctest rc=0
      Start  80: functional-SqeFailureDetectorCopyFault
 6/12 Test  #80: functional-SqeFailureDetectorCopyFault ....   Passed    0.03 sec
      Start 112: functional-SqeMcLandDetector
 7/12 Test #112: functional-SqeMcLandDetector ..............   Passed    8.17 sec
      Start 113: functional-SqeLandDetectorRun
 8/12 Test #113: functional-SqeLandDetectorRun .............   Passed   17.86 sec
      Start 114: functional-SqeLandDetectorBoot
 9/12 Test #114: functional-SqeLandDetectorBoot ............   Passed    0.30 sec
      Start 127: unit-SqeDataValidator
10/12 Test #127: unit-SqeDataValidator .....................   Passed    0.04 sec
      Start 128: unit-SqeDataValidatorGroup
11/12 Test #128: unit-SqeDataValidatorGroup ................   Passed    0.08 sec
      Start 129: unit-SqeDataValidatorGroupAlloc
12/12 Test #129: unit-SqeDataValidatorGroupAlloc ...........   Passed    0.06 sec

100% tests passed, 0 tests failed out of 12

Total Test time (real) =  34.81 sec
=== 2026-10-07T17:10:20+05:00 per-binary gtest XML + plain logs
unit-SqeDataValidator rc=0 [  PASSED  ] 21 tests. 
unit-SqeDataValidatorGroup rc=0 [  PASSED  ] 35 tests. 
unit-SqeDataValidatorGroupAlloc rc=0 [  PASSED  ] 3 tests. 
functional-SqeFailureDetector rc=0 [  PASSED  ] 36 tests. 
functional-SqeFailureDetectorImu rc=0 [  PASSED  ] 8 tests. 
functional-SqeFailureInjector rc=0 [  PASSED  ] 14 tests. 
functional-SqeFailureInjectorParamFault rc=0 [  PASSED  ] 2 tests. 
functional-SqeFailureDetectorCopyFault rc=0 [  PASSED  ] 1 test. 
functional-SqeBattery rc=0 [  PASSED  ] 31 tests. 
functional-SqeMcLandDetector rc=0 [  PASSED  ] 46 tests. 
functional-SqeLandDetectorRun rc=0 [  PASSED  ] 12 tests. 
functional-SqeLandDetectorBoot rc=0 [  PASSED  ] 1 test. 
=== 2026-10-07T17:10:55+05:00 shuffle x10
unit-SqeDataValidator rc=0 passed_rounds=10 failed_lines=0
unit-SqeDataValidatorGroup rc=0 passed_rounds=10 failed_lines=0
unit-SqeDataValidatorGroupAlloc rc=0 passed_rounds=10 failed_lines=0
functional-SqeFailureDetector rc=0 passed_rounds=10 failed_lines=0
functional-SqeFailureDetectorImu rc=0 passed_rounds=10 failed_lines=0
functional-SqeFailureInjector rc=0 passed_rounds=10 failed_lines=0
functional-SqeFailureInjectorParamFault rc=0 passed_rounds=10 failed_lines=0
functional-SqeFailureDetectorCopyFault rc=0 passed_rounds=10 failed_lines=0
functional-SqeBattery rc=0 passed_rounds=10 failed_lines=0
functional-SqeMcLandDetector rc=0 passed_rounds=10 failed_lines=0
functional-SqeLandDetectorRun rc=1 passed_rounds=10 failed_lines=3
functional-SqeLandDetectorBoot rc=1 passed_rounds=10 failed_lines=27
=== 2026-10-07T17:16:36+05:00 each active test alone
individually: pass=210 fail=0
=== 2026-10-07T17:17:14+05:00 disabled (sanitizer-only) probes in the normal build
[       OK ] SqeFailureInjectorTest.DISABLED_PRB05_EscCountAboveMax (0 ms)
[       OK ] SqeFailureInjectorTest.DISABLED_PRB06_NonMotorFunctionShift (0 ms)
=== 2026-10-07T17:17:15+05:00 coverage
--- baseline: Use "--rerun-failed --output-on-failure" to re-run the failed cases verbosely.
DataValidator.cpp            lines 43/58 (74.1%)  source-level branches 21/30 (70.0%)  raw 21/30  exc-edges 0
    uncovered lines: [47, 49, 50, 51, 58, 61, 83, 112, 113, 117, 118, 122, 123, 127, 128]
    uncovered branches (line,branch#): [(57, '0'), (60, '0'), (68, '1'), (82, '0'), (110, '0'), (115, '0'), (120, '0'), (125, '0'), (136, '1')]
DataValidatorGroup.cpp       lines 101/155 (65.2%)  source-level branches 54/116 (46.6%)  raw 54/116  exc-edges 0
    uncovered lines: [61, 74, 76, 77, 78, 79, 81, 83, 86, 88, 89, 92, 93, 94, 95, 135, 136, 208, 210, 213, 214, 224, 226, 227, 230, 231, 234, 235, 276, 278, 279, 281, 282, 283, 284, 287, 288, 291, 294, 297, 298, 300, 301, 302, 303, 306, 307, 310, 323, 324, 328, 341, 342, 346]
    uncovered branches (line,branch#): [(55, '1'), (57, '1'), (69, '1'), (76, '0'), (76, '1'), (78, '0'), (78, '1'), (86, '0'), (86, '1'), (88, '0'), (88, '1'), (129, '1'), (130, '1'), (188, '0'), (189, '3'), (189, '4'), (203, '4'), (207, '0'), (207, '2'), (207, '3'), (208, '0'), (208, '1'), (213, '0'), (213, '1'), (219, '1'), (226, '0'), (226, '1'), (230, '0'), (230, '1'), (234, '0'), (234, '1'), (250, '0'), (260, '1'), (260, '10'), (260, '2'), (260, '4'), (260, '6'), (260, '8'), (281, '0'), (281, '1'), (282, '0'), (282, '1'), (282, '2'), (282, '3'), (282, '4'), (282, '5'), (283, '0'), (283, '1'), (300, '0'), (300, '1'), (301, '0'), (301, '1'), (301, '2'), (301, '3'), (301, '4'), (301, '5'), (302, '0'), (302, '1'), (318, '1'), (319, '1'), (336, '1'), (337, '1')]
FailureDetector.cpp          lines 0/153 (0.0%)  source-level branches 0/190 (0.0%)  raw 0/254  exc-edges 64
    uncovered lines: [45, 46, 48, 50, 52, 54, 56, 57, 59, 60, 64, 65, 66, 67, 73, 74, 76, 77, 80, 81, 85, 86, 89, 92, 96, 98, 99, 100, 103, 104, 106, 107, 109, 111, 112, 113, 114, 118, 119, 120, 121, 123, 124, 126, 129, 130, 131, 132, 135, 136, 138, 140, 144, 146, 147, 149, 152, 153, 155, 157, 159, 161, 163, 164, 165, 166, 168, 170, 171, 174, 175, 177, 178, 183, 184, 186, 188, 191, 194, 195, 199, 202, 203, 205, 207, 208, 209, 212, 213, 215, 220, 222, 224, 225, 226, 227, 229, 231, 232, 233, 236, 237, 239, 240, 244, 246, 259, 260, 261, 263, 264, 267, 269, 272, 274, 275, 279, 280, 284, 285, 286, 288, 290, 292, 294, 298, 299, 302, 303, 305, 306, 309, 310, 311, 313, 314, 315, 319, 320, 324, 325, 326, 328, 334, 336, 338, 340, 342, 347, 348, 351, 352, 354]
    uncovered branches (line,branch#): [(46, '0'), (46, '10'), (46, '12'), (46, '14'), (46, '16'), (46, '18'), (46, '2'), (46, '20'), (46, '22'), (46, '24'), (46, '26'), (46, '28'), (46, '30'), (46, '32'), (46, '34'), (46, '36'), (46, '4'), (46, '6'), (46, '8'), (52, '0'), (56, '0'), (56, '1'), (57, '0'), (59, '0'), (59, '1'), (60, '0'), (73, '0'), (73, '2'), (73, '3'), (74, '0'), (76, '0'), (76, '1'), (77, '0'), (80, '0'), (80, '1'), (81, '0'), (85, '0'), (85, '1'), (86, '0'), (96, '0'), (96, '2'), (96, '3'), (98, '0'), (98, '2'), (99, '0'), (100, '0'), (103, '0'), (103, '1'), (104, '0'), (104, '1'), (109, '0'), (109, '1'), (111, '0'), (111, '2'), (111, '4'), (111, '6'), (111, '8'), (112, '0'), (113, '0'), (114, '0'), (123, '0'), (123, '1'), (123, '2'), (123, '3'), (124, '0'), (124, '1'), (124, '2'), (124, '3'), (126, '0'), (129, '0'), (130, '0'), (131, '0'), (132, '0'), (144, '0'), (144, '2'), (144, '3'), (147, '0'), (147, '1'), (147, '2'), (147, '3'), (149, '0'), (152, '0'), (153, '0'), (161, '0'), (163, '0'), (163, '1'), (170, '0'), (170, '1'), (171, '0'), (171, '1'), (171, '2'), (171, '3'), (174, '0'), (175, '0'), (177, '0'), (177, '1'), (183, '0'), (191, '0'), (191, '2'), (191, '3'), (194, '0'), (194, '2'), (194, '3'), (199, '0'), (203, '0'), (205, '0'), (205, '1'), (207, '0'), (207, '1'), (208, '0'), (208, '2'), (208, '3'), (212, '0'), (213, '0'), (213, '1'), (213, '2'), (213, '3'), (213, '4'), (213, '5'), (220, '0'), (220, '1'), (222, '0'), (222, '2'), (222, '3'), (224, '0'), (224, '1'), (225, '0'), (225, '1'), (229, '0'), (237, '0'), (259, '0'), (259, '1'), (260, '0'), (264, '0'), (267, '0'), (267, '1'), (274, '0'), (274, '1'), (279, '0'), (279, '1'), (279, '2'), (279, '3'), (288, '0'), (288, '1'), (288, '2'), (288, '3'), (288, '4'), (288, '5'), (292, '0'), (292, '1'), (292, '2'), (292, '3'), (298, '0'), (298, '1'), (302, '0'), (302, '1'), (305, '0'), (305, '1'), (313, '0'), (313, '1'), (313, '2'), (313, '3'), (313, '4'), (313, '5'), (314, '0'), (314, '1'), (319, '0'), (319, '1'), (325, '0'), (325, '1'), (326, '0'), (326, '1'), (326, '2'), (326, '3'), (326, '4'), (326, '5'), (334, '0'), (334, '1'), (334, '2'), (334, '3'), (336, '0'), (336, '1'), (336, '2'), (336, '3'), (340, '0'), (340, '1'), (340, '2'), (340, '3'), (347, '0'), (347, '1')]
FailureInjector.cpp          lines 0/62 (0.0%)  source-level branches 0/48 (0.0%)  raw 0/57  exc-edges 9
    uncovered lines: [39, 41, 43, 44, 45, 47, 49, 51, 55, 56, 57, 59, 60, 61, 64, 65, 67, 68, 69, 72, 73, 74, 75, 76, 77, 78, 79, 81, 82, 83, 84, 85, 87, 88, 89, 90, 91, 93, 94, 95, 96, 97, 101, 102, 103, 104, 107, 108, 112, 114, 116, 117, 118, 120, 121, 122, 123, 124, 126, 128, 129, 130]
    uncovered branches (line,branch#): [(43, '0'), (43, '2'), (44, '0'), (44, '1'), (44, '2'), (44, '3'), (44, '4'), (44, '5'), (51, '0'), (51, '1'), (55, '0'), (55, '2'), (55, '3'), (59, '0'), (59, '1'), (60, '0'), (60, '1'), (67, '0'), (67, '1'), (68, '0'), (68, '1'), (68, '2'), (68, '3'), (72, '0'), (72, '1'), (72, '2'), (72, '3'), (72, '4'), (75, '0'), (83, '0'), (89, '0'), (95, '0'), (104, '0'), (104, '1'), (107, '0'), (108, '0'), (114, '0'), (114, '1'), (116, '0'), (116, '1'), (116, '2'), (116, '3'), (117, '0'), (117, '1'), (120, '0'), (120, '1'), (126, '0'), (126, '1')]
LandDetector.cpp             lines 0/122 (0.0%)  source-level branches 0/144 (0.0%)  raw 0/210  exc-edges 66
    uncovered lines: [48, 50, 52, 53, 54, 55, 56, 57, 58, 59, 60, 61, 62, 63, 65, 67, 68, 70, 72, 73, 74, 76, 79, 81, 83, 85, 87, 88, 90, 91, 96, 97, 102, 103, 106, 108, 109, 113, 114, 118, 119, 121, 123, 125, 130, 131, 134, 137, 139, 140, 141, 142, 143, 145, 146, 147, 148, 149, 151, 153, 156, 157, 158, 159, 160, 161, 162, 164, 166, 169, 170, 171, 172, 173, 174, 175, 176, 177, 178, 179, 180, 181, 182, 187, 188, 189, 191, 193, 194, 196, 198, 199, 202, 204, 206, 207, 208, 210, 212, 214, 215, 216, 218, 220, 223, 224, 226, 227, 229, 230, 231, 232, 233, 235, 237, 238, 245, 249, 250, 252, 256, 257]
    uncovered branches (line,branch#): [(50, '0'), (50, '10'), (50, '12'), (50, '14'), (50, '16'), (50, '18'), (50, '2'), (50, '20'), (50, '22'), (50, '24'), (50, '26'), (50, '28'), (50, '4'), (50, '5'), (50, '6'), (50, '7'), (50, '8'), (79, '0'), (81, '0'), (83, '0'), (83, '2'), (83, '3'), (83, '4'), (83, '5'), (83, '6'), (83, '7'), (85, '0'), (87, '0'), (88, '0'), (96, '0'), (96, '2'), (96, '3'), (102, '0'), (102, '2'), (102, '3'), (103, '0'), (103, '2'), (108, '0'), (108, '2'), (108, '3'), (109, '0'), (109, '2'), (113, '0'), (113, '2'), (113, '3'), (118, '0'), (119, '0'), (121, '0'), (123, '0'), (123, '1'), (130, '0'), (130, '1'), (130, '2'), (130, '3'), (131, '0'), (134, '0'), (137, '0'), (139, '0'), (139, '2'), (140, '0'), (140, '2'), (141, '0'), (141, '2'), (142, '0'), (142, '2'), (143, '0'), (143, '2'), (151, '0'), (153, '0'), (153, '1'), (153, '2'), (153, '3'), (156, '0'), (157, '0'), (157, '1'), (158, '0'), (158, '1'), (159, '0'), (159, '1'), (160, '0'), (160, '1'), (161, '0'), (161, '1'), (161, '2'), (161, '3'), (161, '4'), (161, '5'), (162, '0'), (162, '1'), (164, '0'), (164, '1'), (164, '2'), (164, '3'), (164, '4'), (164, '5'), (174, '0'), (175, '0'), (176, '0'), (177, '0'), (178, '0'), (179, '0'), (181, '0'), (182, '0'), (187, '0'), (187, '1'), (187, '2'), (187, '3'), (187, '4'), (187, '5'), (194, '0'), (199, '0'), (204, '0'), (206, '0'), (206, '1'), (207, '0'), (208, '0'), (214, '0'), (214, '2'), (214, '3'), (216, '0'), (218, '0'), (218, '1'), (223, '0'), (223, '1'), (224, '0'), (227, '0'), (229, '0'), (229, '1'), (229, '2'), (229, '3'), (230, '0'), (235, '0'), (235, '1'), (237, '0'), (237, '1'), (238, '0'), (245, '0'), (245, '2'), (245, '3'), (249, '0'), (249, '1'), (250, '0'), (250, '1'), (256, '0')]
MulticopterLandDetector.cpp  lines 0/116 (0.0%)  source-level branches 0/156 (0.0%)  raw 0/192  exc-edges 36
    uncovered lines: [76, 78, 79, 80, 81, 82, 83, 84, 85, 87, 91, 92, 97, 98, 101, 104, 105, 106, 107, 114, 115, 117, 119, 121, 122, 123, 124, 127, 129, 130, 133, 134, 137, 138, 139, 141, 142, 149, 151, 153, 156, 159, 161, 163, 165, 171, 173, 174, 177, 178, 180, 182, 185, 189, 194, 195, 196, 198, 199, 202, 203, 206, 209, 211, 213, 217, 218, 219, 220, 224, 227, 229, 230, 234, 235, 239, 245, 246, 249, 250, 251, 254, 256, 258, 260, 262, 265, 268, 269, 272, 276, 277, 280, 283, 284, 285, 287, 288, 289, 290, 293, 296, 299, 301, 302, 303, 306, 308, 309, 312, 316, 318, 319, 320, 321, 322]
    uncovered branches (line,branch#): [(76, '0'), (76, '10'), (76, '12'), (76, '14'), (76, '16'), (76, '18'), (76, '2'), (76, '4'), (76, '6'), (76, '8'), (78, '0'), (79, '0'), (80, '0'), (81, '0'), (82, '0'), (83, '0'), (84, '0'), (91, '0'), (91, '2'), (91, '3'), (97, '0'), (97, '2'), (97, '3'), (101, '0'), (101, '1'), (104, '0'), (104, '2'), (104, '3'), (105, '0'), (105, '1'), (114, '0'), (114, '2'), (114, '3'), (121, '0'), (122, '0'), (123, '0'), (124, '0'), (129, '0'), (129, '1'), (130, '0'), (134, '0'), (138, '0'), (141, '0'), (141, '1'), (141, '2'), (141, '3'), (142, '0'), (165, '0'), (165, '1'), (173, '0'), (173, '1'), (177, '0'), (177, '1'), (177, '2'), (177, '3'), (180, '0'), (180, '1'), (180, '2'), (180, '3'), (194, '0'), (194, '1'), (194, '2'), (194, '3'), (195, '0'), (196, '0'), (202, '0'), (202, '1'), (202, '2'), (202, '3'), (202, '4'), (202, '5'), (202, '6'), (202, '7'), (211, '0'), (211, '1'), (211, '2'), (211, '3'), (217, '0'), (217, '1'), (224, '0'), (224, '1'), (227, '0'), (227, '2'), (227, '3'), (230, '0'), (230, '1'), (230, '2'), (230, '3'), (234, '0'), (234, '1'), (234, '2'), (234, '3'), (234, '4'), (234, '5'), (245, '0'), (245, '1'), (245, '2'), (245, '3'), (246, '0'), (246, '1'), (246, '2'), (246, '3'), (249, '0'), (249, '1'), (250, '0'), (250, '1'), (250, '2'), (250, '3'), (251, '0'), (251, '1'), (251, '2'), (251, '3'), (256, '0'), (260, '0'), (260, '1'), (269, '0'), (276, '0'), (276, '1'), (280, '0'), (280, '2'), (285, '0'), (285, '1'), (285, '2'), (285, '3'), (287, '0'), (287, '1'), (287, '2'), (287, '3'), (288, '0'), (288, '1'), (288, '2'), (288, '3'), (289, '0'), (289, '1'), (289, '2'), (289, '3'), (290, '0'), (290, '1'), (290, '2'), (290, '3'), (296, '0'), (296, '1'), (296, '2'), (296, '3'), (301, '0'), (301, '1'), (302, '0'), (302, '1'), (302, '2'), (302, '3'), (302, '4'), (302, '5'), (303, '0'), (303, '1'), (308, '0'), (308, '1')]
battery.cpp                  lines 140/231 (60.6%)  source-level branches 68/179 (38.0%)  raw 68/248  exc-edges 69
    uncovered lines: [62, 72, 109, 111, 112, 131, 145, 173, 174, 220, 223, 224, 226, 227, 230, 235, 236, 239, 241, 242, 243, 244, 245, 247, 249, 250, 251, 253, 254, 255, 256, 257, 258, 261, 264, 265, 267, 269, 270, 271, 272, 273, 274, 275, 276, 277, 279, 280, 283, 285, 293, 294, 296, 297, 299, 300, 302, 307, 309, 310, 312, 313, 315, 316, 319, 328, 330, 341, 356, 357, 359, 360, 363, 377, 378, 379, 380, 383, 390, 391, 392, 416, 420, 421, 422, 423, 424, 425, 426, 427, 428]
    uncovered branches (line,branch#): [(53, '1'), (54, '1'), (61, '1'), (61, '2'), (62, '0'), (71, '0'), (72, '0'), (119, '1'), (123, '0'), (123, '2'), (123, '3'), (128, '0'), (128, '2'), (128, '3'), (130, '0'), (130, '2'), (130, '3'), (130, '4'), (130, '5'), (130, '6'), (130, '7'), (138, '1'), (144, '0'), (144, '2'), (144, '3'), (172, '0'), (183, '1'), (215, '1'), (223, '0'), (223, '1'), (224, '0'), (226, '0'), (226, '1'), (235, '0'), (241, '0'), (242, '0'), (242, '2'), (244, '0'), (244, '10'), (244, '12'), (244, '2'), (244, '4'), (244, '6'), (244, '8'), (245, '0'), (245, '2'), (245, '4'), (245, '6'), (247, '0'), (247, '10'), (247, '12'), (247, '14'), (247, '2'), (247, '4'), (247, '6'), (247, '8'), (253, '0'), (253, '1'), (254, '0'), (255, '0'), (258, '0'), (261, '0'), (261, '2'), (264, '0'), (279, '0'), (279, '1'), (290, '0'), (290, '2'), (290, '3'), (309, '0'), (309, '1'), (312, '0'), (312, '1'), (315, '0'), (315, '1'), (327, '0'), (328, '0'), (328, '1'), (340, '0'), (353, '0'), (356, '0'), (356, '2'), (356, '3'), (359, '0'), (359, '1'), (359, '2'), (359, '3'), (371, '1'), (371, '2'), (375, '0'), (375, '2'), (375, '3'), (375, '4'), (377, '0'), (377, '1'), (377, '2'), (377, '3'), (377, '4'), (377, '5'), (378, '0'), (378, '1'), (379, '0'), (379, '1'), (380, '0'), (383, '0'), (389, '0'), (415, '0'), (419, '1'), (419, '2'), (420, '0'), (421, '0')]
TOTAL lines 284/897  source-level branches 143/863
--- student: Total Test time (real) =  35.02 sec
DataValidator.cpp            lines 58/58 (100.0%)  source-level branches 30/30 (100.0%)  raw 30/30  exc-edges 0
DataValidatorGroup.cpp       lines 155/155 (100.0%)  source-level branches 114/116 (98.3%)  raw 114/116  exc-edges 0
    uncovered branches (line,branch#): [(78, '1'), (213, '1')]
FailureDetector.cpp          lines 153/153 (100.0%)  source-level branches 190/190 (100.0%)  raw 190/254  exc-edges 64
FailureInjector.cpp          lines 62/62 (100.0%)  source-level branches 48/48 (100.0%)  raw 48/57  exc-edges 9
LandDetector.cpp             lines 122/122 (100.0%)  source-level branches 143/144 (99.3%)  raw 143/210  exc-edges 66
    uncovered branches (line,branch#): [(187, '5')]
MulticopterLandDetector.cpp  lines 116/116 (100.0%)  source-level branches 156/156 (100.0%)  raw 156/192  exc-edges 36
battery.cpp                  lines 231/231 (100.0%)  source-level branches 178/179 (99.4%)  raw 178/248  exc-edges 69
    uncovered branches (line,branch#): [(130, '7')]
TOTAL lines 897/897  source-level branches 859/863
--- final: Use "--rerun-failed --output-on-failure" to re-run the failed cases verbosely.
DataValidator.cpp            lines 58/58 (100.0%)  source-level branches 30/30 (100.0%)  raw 30/30  exc-edges 0
DataValidatorGroup.cpp       lines 155/155 (100.0%)  source-level branches 114/116 (98.3%)  raw 114/116  exc-edges 0
    uncovered branches (line,branch#): [(78, '1'), (213, '1')]
FailureDetector.cpp          lines 153/153 (100.0%)  source-level branches 190/190 (100.0%)  raw 190/254  exc-edges 64
FailureInjector.cpp          lines 62/62 (100.0%)  source-level branches 48/48 (100.0%)  raw 48/57  exc-edges 9
LandDetector.cpp             lines 122/122 (100.0%)  source-level branches 143/144 (99.3%)  raw 143/210  exc-edges 66
    uncovered branches (line,branch#): [(187, '5')]
MulticopterLandDetector.cpp  lines 116/116 (100.0%)  source-level branches 156/156 (100.0%)  raw 156/192  exc-edges 36
battery.cpp                  lines 231/231 (100.0%)  source-level branches 178/179 (99.4%)  raw 178/248  exc-edges 69
    uncovered branches (line,branch#): [(130, '7')]
TOTAL lines 897/897  source-level branches 859/863
=== 2026-10-07T17:25:14+05:00 FINAL_DONE
