ERROR [px4_work_queue] not running
ERROR [px4_work_queue] wq:lp_default not available
ERROR [px4_work_queue] init failed
Note: Google Test filter = *PRB05*
[==========] Running 1 test from 1 test suite.
[----------] Global test environment set-up.
[----------] 1 test from SqeFailureInjectorTest
[ RUN      ] SqeFailureInjectorTest.DISABLED_PRB05_EscCountAboveMax
INFO  [failure_detector] CMD_INJECT_FAILURE, motor 1 no esc telemetry
=================================================================
==18837==ERROR: AddressSanitizer: stack-buffer-overflow on address 0x7f1b05100221 at pc 0x5b966c11827e bp 0x7ffeff9f3c80 sp 0x7ffeff9f3c70
READ of size 1 at 0x7f1b05100221 thread T0
    #0 0x5b966c11827d in FailureInjector::manipulateEscStatus(esc_status_s&) /root/audit/PX4-Autopilot/src/modules/commander/failure_detector/FailureInjector.cpp:118
    #1 0x5b966c1046c6 in SqeFailureInjectorTest_DISABLED_PRB05_EscCountAboveMax_Test::TestBody() /root/audit/PX4-Autopilot/src/modules/commander/failure_detector/SqeFailureInjectorTest.cpp:415
    #2 0x5b966c1f4798 in void testing::internal::HandleSehExceptionsInMethodIfSupported<testing::Test, void>(testing::Test*, void (testing::Test::*)(), char const*) (/tmp/fi_asan+0x60d798) (BuildId: 9dea6d395b20d2b2add159be32a708f8ca418332)
    #3 0x5b966c1e7a18 in void testing::internal::HandleExceptionsInMethodIfSupported<testing::Test, void>(testing::Test*, void (testing::Test::*)(), char const*) (/tmp/fi_asan+0x600a18) (BuildId: 9dea6d395b20d2b2add159be32a708f8ca418332)
    #4 0x5b966c1a2570 in testing::Test::Run() (/tmp/fi_asan+0x5bb570) (BuildId: 9dea6d395b20d2b2add159be32a708f8ca418332)
    #5 0x5b966c1a3823 in testing::TestInfo::Run() (/tmp/fi_asan+0x5bc823) (BuildId: 9dea6d395b20d2b2add159be32a708f8ca418332)
    #6 0x5b966c1a498f in testing::TestSuite::Run() (/tmp/fi_asan+0x5bd98f) (BuildId: 9dea6d395b20d2b2add159be32a708f8ca418332)
    #7 0x5b966c1c1813 in testing::internal::UnitTestImpl::RunAllTests() (/tmp/fi_asan+0x5da813) (BuildId: 9dea6d395b20d2b2add159be32a708f8ca418332)
    #8 0x5b966c1f61bc in bool testing::internal::HandleSehExceptionsInMethodIfSupported<testing::internal::UnitTestImpl, bool>(testing::internal::UnitTestImpl*, bool (testing::internal::UnitTestImpl::*)(), char const*) (/tmp/fi_asan+0x60f1bc) (BuildId: 9dea6d395b20d2b2add159be32a708f8ca418332)
    #9 0x5b966c1e98c0 in bool testing::internal::HandleExceptionsInMethodIfSupported<testing::internal::UnitTestImpl, bool>(testing::internal::UnitTestImpl*, bool (testing::internal::UnitTestImpl::*)(), char const*) (/tmp/fi_asan+0x6028c0) (BuildId: 9dea6d395b20d2b2add159be32a708f8ca418332)
    #10 0x5b966c1beab4 in testing::UnitTest::Run() (/tmp/fi_asan+0x5d7ab4) (BuildId: 9dea6d395b20d2b2add159be32a708f8ca418332)
    #11 0x5b966c118989 in RUN_ALL_TESTS() /root/audit/PX4-Autopilot/build/px4_sitl_test/_deps/googletest-src/googletest/include/gtest/gtest.h:2334
    #12 0x5b966c118a56 in main /root/audit/PX4-Autopilot/platforms/posix/src/px4/common/gtest_runner/gtest_functional_main.cpp:50
    #13 0x7f1b06e2a1c9  (/lib/x86_64-linux-gnu/libc.so.6+0x2a1c9) (BuildId: a4a7992a8e66555c8141ab2a08a8465ff6e0ea65)
    #14 0x7f1b06e2a28a in __libc_start_main (/lib/x86_64-linux-gnu/libc.so.6+0x2a28a) (BuildId: a4a7992a8e66555c8141ab2a08a8465ff6e0ea65)
    #15 0x5b966c0f23d4 in _start (/tmp/fi_asan+0x50b3d4) (BuildId: 9dea6d395b20d2b2add159be32a708f8ca418332)

Address 0x7f1b05100221 is located in stack of thread T0 at offset 545 in frame
    #0 0x5b966c10444d in SqeFailureInjectorTest_DISABLED_PRB05_EscCountAboveMax_Test::TestBody() /root/audit/PX4-Autopilot/src/modules/commander/failure_detector/SqeFailureInjectorTest.cpp:406

  This frame has 4 object(s):
    [32, 40) '<unknown>'
    [64, 72) '<unknown>'
    [96, 144) 'injector' (line 408)
    [176, 512) 'esc' (line 413) <== Memory access at offset 545 overflows this variable
HINT: this may be a false positive if your program uses some custom stack unwind mechanism, swapcontext or vfork
      (longjmp and C++ exceptions *are* supported)
SUMMARY: AddressSanitizer: stack-buffer-overflow /root/audit/PX4-Autopilot/src/modules/commander/failure_detector/FailureInjector.cpp:118 in FailureInjector::manipulateEscStatus(esc_status_s&)
Shadow bytes around the buggy address:
  0x7f1b050fff80: 00 00 00 00 00 00 00 00 00 00 00 00 00 00 00 00
  0x7f1b05100000: f1 f1 f1 f1 00 f2 f2 f2 00 f2 f2 f2 00 00 00 00
  0x7f1b05100080: 00 00 f2 f2 f2 f2 00 00 00 00 00 00 00 00 00 00
  0x7f1b05100100: 00 00 00 00 00 00 00 00 00 00 00 00 00 00 00 00
  0x7f1b05100180: 00 00 00 00 00 00 00 00 00 00 00 00 00 00 00 00
=>0x7f1b05100200: f3 f3 f3 f3[f3]f3 f3 f3 00 00 00 00 00 00 00 00
  0x7f1b05100280: 00 00 00 00 00 00 00 00 00 00 00 00 00 00 00 00
  0x7f1b05100300: 00 00 00 00 00 00 00 00 00 00 00 00 00 00 00 00
  0x7f1b05100380: 00 00 00 00 00 00 00 00 00 00 00 00 00 00 00 00
  0x7f1b05100400: 00 00 00 00 00 00 00 00 00 00 00 00 00 00 00 00
  0x7f1b05100480: 00 00 00 00 00 00 00 00 00 00 00 00 00 00 00 00
Shadow byte legend (one shadow byte represents 8 application bytes):
  Addressable:           00
  Partially addressable: 01 02 03 04 05 06 07 
  Heap left redzone:       fa
  Freed heap region:       fd
  Stack left redzone:      f1
  Stack mid redzone:       f2
  Stack right redzone:     f3
  Stack after return:      f5
  Stack use after scope:   f8
  Global redzone:          f9
  Global init order:       f6
  Poisoned by user:        f7
  Container overflow:      fc
  Array cookie:            ac
  Intra object redzone:    bb
  ASan internal:           fe
  Left alloca redzone:     ca
  Right alloca redzone:    cb
==18837==ABORTING
