Excluding /home/dns/Desktop/sqe-a2-px4-kit/PX4-Autopilot/build/px4_sitl_test/_deps/abseil-cpp-src/absl/base/fast_type_id.h
Excluding /home/dns/Desktop/sqe-a2-px4-kit/PX4-Autopilot/build/px4_sitl_test/_deps/abseil-cpp-src/absl/flags/flag.h
Excluding /home/dns/Desktop/sqe-a2-px4-kit/PX4-Autopilot/build/px4_sitl_test/_deps/abseil-cpp-src/absl/flags/internal/flag.h
Excluding /home/dns/Desktop/sqe-a2-px4-kit/PX4-Autopilot/build/px4_sitl_test/_deps/googletest-src/googletest/include/gtest/gtest-assertion-result.h
Excluding /home/dns/Desktop/sqe-a2-px4-kit/PX4-Autopilot/build/px4_sitl_test/_deps/googletest-src/googletest/include/gtest/gtest-matchers.h
Excluding /home/dns/Desktop/sqe-a2-px4-kit/PX4-Autopilot/build/px4_sitl_test/_deps/googletest-src/googletest/include/gtest/gtest-message.h
Excluding /home/dns/Desktop/sqe-a2-px4-kit/PX4-Autopilot/build/px4_sitl_test/_deps/googletest-src/googletest/include/gtest/gtest-printers.h
Excluding /home/dns/Desktop/sqe-a2-px4-kit/PX4-Autopilot/build/px4_sitl_test/_deps/googletest-src/googletest/include/gtest/gtest-test-part.h
Excluding /home/dns/Desktop/sqe-a2-px4-kit/PX4-Autopilot/build/px4_sitl_test/_deps/googletest-src/googletest/include/gtest/gtest.h
Excluding /home/dns/Desktop/sqe-a2-px4-kit/PX4-Autopilot/build/px4_sitl_test/_deps/googletest-src/googletest/include/gtest/internal/gtest-death-test-internal.h
Excluding /home/dns/Desktop/sqe-a2-px4-kit/PX4-Autopilot/build/px4_sitl_test/_deps/googletest-src/googletest/include/gtest/internal/gtest-internal.h
Excluding /home/dns/Desktop/sqe-a2-px4-kit/PX4-Autopilot/build/px4_sitl_test/_deps/googletest-src/googletest/include/gtest/internal/gtest-port.h
Excluding /home/dns/Desktop/sqe-a2-px4-kit/PX4-Autopilot/build/px4_sitl_test/_deps/re2-src/re2/re2.h
Excluding /home/dns/Desktop/sqe-a2-px4-kit/PX4-Autopilot/platforms/common/include/px4_platform_common/defines.h
Excluding /home/dns/Desktop/sqe-a2-px4-kit/PX4-Autopilot/platforms/common/include/px4_platform_common/module_params.h
Excluding /home/dns/Desktop/sqe-a2-px4-kit/PX4-Autopilot/platforms/common/include/px4_platform_common/param.h
Excluding /home/dns/Desktop/sqe-a2-px4-kit/PX4-Autopilot/platforms/common/uORB/Publication.hpp
Excluding /home/dns/Desktop/sqe-a2-px4-kit/PX4-Autopilot/platforms/common/uORB/PublicationMulti.hpp
Excluding /home/dns/Desktop/sqe-a2-px4-kit/PX4-Autopilot/platforms/common/uORB/Subscription.hpp
Excluding /home/dns/Desktop/sqe-a2-px4-kit/PX4-Autopilot/src/drivers/drv_hrt.h
Excluding /home/dns/Desktop/sqe-a2-px4-kit/PX4-Autopilot/src/include/containers/List.hpp
Excluding /home/dns/Desktop/sqe-a2-px4-kit/PX4-Autopilot/src/lib/hysteresis/hysteresis.h
Excluding /home/dns/Desktop/sqe-a2-px4-kit/PX4-Autopilot/src/lib/mathlib/math/Limits.hpp
Excluding /home/dns/Desktop/sqe-a2-px4-kit/PX4-Autopilot/src/lib/mathlib/math/filter/AlphaFilter.hpp
Excluding /home/dns/Desktop/sqe-a2-px4-kit/PX4-Autopilot/src/lib/matrix/matrix/Dcm.hpp
Excluding /home/dns/Desktop/sqe-a2-px4-kit/PX4-Autopilot/src/lib/matrix/matrix/Euler.hpp
Excluding /home/dns/Desktop/sqe-a2-px4-kit/PX4-Autopilot/src/lib/matrix/matrix/Matrix.hpp
Excluding /home/dns/Desktop/sqe-a2-px4-kit/PX4-Autopilot/src/lib/matrix/matrix/Quaternion.hpp
Excluding /home/dns/Desktop/sqe-a2-px4-kit/PX4-Autopilot/src/lib/matrix/matrix/SquareMatrix.hpp
Excluding /home/dns/Desktop/sqe-a2-px4-kit/PX4-Autopilot/src/lib/matrix/matrix/Vector.hpp
Excluding /home/dns/Desktop/sqe-a2-px4-kit/PX4-Autopilot/src/lib/matrix/matrix/Vector4.hpp
Excluding /home/dns/Desktop/sqe-a2-px4-kit/PX4-Autopilot/src/lib/parameters/param.h
Excluding /home/dns/Desktop/sqe-a2-px4-kit/PX4-Autopilot/src/modules/commander/failure_detector/FailureDetector.hpp
Excluding /home/dns/Desktop/sqe-a2-px4-kit/PX4-Autopilot/src/modules/commander/failure_detector/FailureInjector.hpp
Excluding /home/dns/Desktop/sqe-a2-px4-kit/PX4-Autopilot/src/modules/commander/failure_detector/SqeFailureDetectorImuTest.cpp
Excluding /home/dns/Desktop/sqe-a2-px4-kit/PX4-Autopilot/src/modules/commander/failure_detector/SqeFailureDetectorTest.cpp
Excluding /home/dns/Desktop/sqe-a2-px4-kit/PX4-Autopilot/src/modules/commander/failure_detector/SqeFailureInjectorTest.cpp
Excluding /home/dns/Desktop/sqe-a2-px4-kit/PX4-Autopilot/src/modules/sensors/data_validator/DataValidator.hpp
Excluding /home/dns/Desktop/sqe-a2-px4-kit/PX4-Autopilot/src/modules/sensors/data_validator/DataValidatorGroup.hpp
Excluding /home/dns/Desktop/sqe-a2-px4-kit/PX4-Autopilot/src/modules/sensors/data_validator/SqeDataValidatorAllocFaultTest.cpp
Excluding /home/dns/Desktop/sqe-a2-px4-kit/PX4-Autopilot/src/modules/sensors/data_validator/SqeDataValidatorGroupTest.cpp
Excluding /home/dns/Desktop/sqe-a2-px4-kit/PX4-Autopilot/src/modules/sensors/data_validator/SqeDataValidatorTest.cpp
Excluding /usr/include/c++/13/atomic
Excluding /usr/include/c++/13/bits/allocator.h
Excluding /usr/include/c++/13/bits/atomic_base.h
Excluding /usr/include/c++/13/bits/basic_string.h
Excluding /usr/include/c++/13/bits/basic_string.tcc
Excluding /usr/include/c++/13/bits/char_traits.h
Excluding /usr/include/c++/13/bits/chrono.h
Excluding /usr/include/c++/13/bits/exception.h
Excluding /usr/include/c++/13/bits/ios_base.h
Excluding /usr/include/c++/13/bits/move.h
Excluding /usr/include/c++/13/bits/new_allocator.h
Excluding /usr/include/c++/13/bits/shared_ptr.h
Excluding /usr/include/c++/13/bits/shared_ptr_base.h
Excluding /usr/include/c++/13/bits/stl_iterator_base_funcs.h
Excluding /usr/include/c++/13/bits/stl_iterator_base_types.h
Excluding /usr/include/c++/13/bits/this_thread_sleep.h
Excluding /usr/include/c++/13/bits/unique_ptr.h
Excluding /usr/include/c++/13/cmath
Excluding /usr/include/c++/13/ext/atomicity.h
Excluding /usr/include/c++/13/limits
Excluding /usr/include/c++/13/new
Excluding /usr/include/c++/13/string_view
Excluding /usr/include/c++/13/tuple
Excluding /usr/include/x86_64-linux-gnu/c++/13/bits/c++config.h
Removed 66 files
Writing data to /home/dns/Desktop/sqe-a2-px4-kit/evidence/coverage/final/scope.info
Summary coverage rate:
  lines......: 100.0% (428 of 428 lines)
  functions..: 100.0% (26 of 26 functions)
  branches...: 82.7% (378 of 457 branches)
