=== 2026-10-07T17:38:47+05:00 fresh clone
clone rc=0
HEAD d6f12ad1c4f70ad3230afd7d86e971421e02fef4 uninit=0
patch applied
=== 2026-10-07T17:43:28+05:00 build
build rc=0
=== 2026-10-07T17:45:29+05:00 ctest -R Sqe
ctest rc=0

100% tests passed, 0 tests failed out of 12

Total Test time (real) =  35.17 sec
DataValidator.cpp            lines 58/58 (100.0%)  source-level branches 30/30 (100.0%)  raw 30/30  exc-edges 0
DataValidatorGroup.cpp       lines 155/155 (100.0%)  source-level branches 114/116 (98.3%)  raw 114/116  exc-edges 0
    uncovered branches (line,branch#): [(78, '1'), (213, '1')]
FailureDetector.cpp          lines 153/153 (100.0%)  source-level branches 190/190 (100.0%)  raw 190/254  exc-edges 64
FailureInjector.cpp          lines 62/62 (100.0%)  source-level branches 48/48 (100.0%)  raw 48/57  exc-edges 9
LandDetector.cpp             lines 122/122 (100.0%)  source-level branches 143/144 (99.3%)  raw 143/210  exc-edges 66
    uncovered branches (line,branch#): [(187, '5')]
MulticopterLandDetector.cpp  lines 116/116 (100.0%)  source-level branches 156/156 (100.0%)  raw 156/192  exc-edges 36
battery.cpp                  lines 231/231 (100.0%)  source-level branches 178/179 (99.4%)  raw 178/248  exc-edges 69
    uncovered branches (line,branch#): [(130, '7')]
TOTAL lines 897/897  source-level branches 859/863
=== compare with submitted evidence (coverage/student/summary.txt)
IDENTICAL COVERAGE SUMMARY
=== 2026-10-07T17:46:16+05:00 DRYRUN_DONE
