Excluding /root/audit/PX4-Autopilot/boards/px4/sitl/src/board_shutdown.cpp
Excluding /root/audit/PX4-Autopilot/build/px4_sitl_test/_deps/abseil-cpp-src/absl/algorithm/container.h
Excluding /root/audit/PX4-Autopilot/build/px4_sitl_test/_deps/abseil-cpp-src/absl/base/call_once.h
Excluding /root/audit/PX4-Autopilot/build/px4_sitl_test/_deps/abseil-cpp-src/absl/base/casts.h
Excluding /root/audit/PX4-Autopilot/build/px4_sitl_test/_deps/abseil-cpp-src/absl/base/dynamic_annotations.h
Excluding /root/audit/PX4-Autopilot/build/px4_sitl_test/_deps/abseil-cpp-src/absl/base/fast_type_id.h
Excluding /root/audit/PX4-Autopilot/build/px4_sitl_test/_deps/abseil-cpp-src/absl/base/internal/atomic_hook.h
Excluding /root/audit/PX4-Autopilot/build/px4_sitl_test/_deps/abseil-cpp-src/absl/base/internal/cycleclock.cc
Excluding /root/audit/PX4-Autopilot/build/px4_sitl_test/_deps/abseil-cpp-src/absl/base/internal/cycleclock.h
Excluding /root/audit/PX4-Autopilot/build/px4_sitl_test/_deps/abseil-cpp-src/absl/base/internal/direct_mmap.h
Excluding /root/audit/PX4-Autopilot/build/px4_sitl_test/_deps/abseil-cpp-src/absl/base/internal/endian.h
Excluding /root/audit/PX4-Autopilot/build/px4_sitl_test/_deps/abseil-cpp-src/absl/base/internal/errno_saver.h
Excluding /root/audit/PX4-Autopilot/build/px4_sitl_test/_deps/abseil-cpp-src/absl/base/internal/hide_ptr.h
Excluding /root/audit/PX4-Autopilot/build/px4_sitl_test/_deps/abseil-cpp-src/absl/base/internal/low_level_alloc.cc
Excluding /root/audit/PX4-Autopilot/build/px4_sitl_test/_deps/abseil-cpp-src/absl/base/internal/low_level_scheduling.h
Excluding /root/audit/PX4-Autopilot/build/px4_sitl_test/_deps/abseil-cpp-src/absl/base/internal/raw_logging.cc
Excluding /root/audit/PX4-Autopilot/build/px4_sitl_test/_deps/abseil-cpp-src/absl/base/internal/spinlock.cc
Excluding /root/audit/PX4-Autopilot/build/px4_sitl_test/_deps/abseil-cpp-src/absl/base/internal/spinlock.h
Excluding /root/audit/PX4-Autopilot/build/px4_sitl_test/_deps/abseil-cpp-src/absl/base/internal/spinlock_linux.inc
Excluding /root/audit/PX4-Autopilot/build/px4_sitl_test/_deps/abseil-cpp-src/absl/base/internal/spinlock_wait.cc
Excluding /root/audit/PX4-Autopilot/build/px4_sitl_test/_deps/abseil-cpp-src/absl/base/internal/spinlock_wait.h
Excluding /root/audit/PX4-Autopilot/build/px4_sitl_test/_deps/abseil-cpp-src/absl/base/internal/strerror.cc
Excluding /root/audit/PX4-Autopilot/build/px4_sitl_test/_deps/abseil-cpp-src/absl/base/internal/sysinfo.cc
Excluding /root/audit/PX4-Autopilot/build/px4_sitl_test/_deps/abseil-cpp-src/absl/base/internal/thread_identity.cc
Excluding /root/audit/PX4-Autopilot/build/px4_sitl_test/_deps/abseil-cpp-src/absl/base/internal/thread_identity.h
Excluding /root/audit/PX4-Autopilot/build/px4_sitl_test/_deps/abseil-cpp-src/absl/base/internal/throw_delegate.cc
Excluding /root/audit/PX4-Autopilot/build/px4_sitl_test/_deps/abseil-cpp-src/absl/base/internal/unaligned_access.h
Excluding /root/audit/PX4-Autopilot/build/px4_sitl_test/_deps/abseil-cpp-src/absl/base/internal/unscaledcycleclock.cc
Excluding /root/audit/PX4-Autopilot/build/px4_sitl_test/_deps/abseil-cpp-src/absl/base/internal/unscaledcycleclock.h
Excluding /root/audit/PX4-Autopilot/build/px4_sitl_test/_deps/abseil-cpp-src/absl/base/log_severity.h
Excluding /root/audit/PX4-Autopilot/build/px4_sitl_test/_deps/abseil-cpp-src/absl/base/no_destructor.h
Excluding /root/audit/PX4-Autopilot/build/px4_sitl_test/_deps/abseil-cpp-src/absl/base/prefetch.h
Excluding /root/audit/PX4-Autopilot/build/px4_sitl_test/_deps/abseil-cpp-src/absl/cleanup/cleanup.h
Excluding /root/audit/PX4-Autopilot/build/px4_sitl_test/_deps/abseil-cpp-src/absl/cleanup/internal/cleanup.h
Excluding /root/audit/PX4-Autopilot/build/px4_sitl_test/_deps/abseil-cpp-src/absl/container/fixed_array.h
Excluding /root/audit/PX4-Autopilot/build/px4_sitl_test/_deps/abseil-cpp-src/absl/container/flat_hash_map.h
Excluding /root/audit/PX4-Autopilot/build/px4_sitl_test/_deps/abseil-cpp-src/absl/container/flat_hash_set.h
Excluding /root/audit/PX4-Autopilot/build/px4_sitl_test/_deps/abseil-cpp-src/absl/container/inlined_vector.h
Excluding /root/audit/PX4-Autopilot/build/px4_sitl_test/_deps/abseil-cpp-src/absl/container/internal/common_policy_traits.h
Excluding /root/audit/PX4-Autopilot/build/px4_sitl_test/_deps/abseil-cpp-src/absl/container/internal/compressed_tuple.h
Excluding /root/audit/PX4-Autopilot/build/px4_sitl_test/_deps/abseil-cpp-src/absl/container/internal/container_memory.h
Excluding /root/audit/PX4-Autopilot/build/px4_sitl_test/_deps/abseil-cpp-src/absl/container/internal/hash_function_defaults.h
Excluding /root/audit/PX4-Autopilot/build/px4_sitl_test/_deps/abseil-cpp-src/absl/container/internal/hash_policy_traits.h
Excluding /root/audit/PX4-Autopilot/build/px4_sitl_test/_deps/abseil-cpp-src/absl/container/internal/hashtable_control_bytes.h
Excluding /root/audit/PX4-Autopilot/build/px4_sitl_test/_deps/abseil-cpp-src/absl/container/internal/hashtablez_sampler.cc
Excluding /root/audit/PX4-Autopilot/build/px4_sitl_test/_deps/abseil-cpp-src/absl/container/internal/hashtablez_sampler.h
Excluding /root/audit/PX4-Autopilot/build/px4_sitl_test/_deps/abseil-cpp-src/absl/container/internal/hashtablez_sampler_force_weak_definition.cc
Excluding /root/audit/PX4-Autopilot/build/px4_sitl_test/_deps/abseil-cpp-src/absl/container/internal/inlined_vector.h
Excluding /root/audit/PX4-Autopilot/build/px4_sitl_test/_deps/abseil-cpp-src/absl/container/internal/raw_hash_map.h
Excluding /root/audit/PX4-Autopilot/build/px4_sitl_test/_deps/abseil-cpp-src/absl/container/internal/raw_hash_set.cc
Excluding /root/audit/PX4-Autopilot/build/px4_sitl_test/_deps/abseil-cpp-src/absl/container/internal/raw_hash_set.h
Excluding /root/audit/PX4-Autopilot/build/px4_sitl_test/_deps/abseil-cpp-src/absl/crc/crc32c.cc
Excluding /root/audit/PX4-Autopilot/build/px4_sitl_test/_deps/abseil-cpp-src/absl/crc/crc32c.h
Excluding /root/audit/PX4-Autopilot/build/px4_sitl_test/_deps/abseil-cpp-src/absl/crc/internal/crc.cc
Excluding /root/audit/PX4-Autopilot/build/px4_sitl_test/_deps/abseil-cpp-src/absl/crc/internal/crc32c_inline.h
Excluding /root/audit/PX4-Autopilot/build/px4_sitl_test/_deps/abseil-cpp-src/absl/crc/internal/crc_cord_state.cc
Excluding /root/audit/PX4-Autopilot/build/px4_sitl_test/_deps/abseil-cpp-src/absl/crc/internal/crc_cord_state.h
Excluding /root/audit/PX4-Autopilot/build/px4_sitl_test/_deps/abseil-cpp-src/absl/crc/internal/crc_internal.h
Excluding /root/audit/PX4-Autopilot/build/px4_sitl_test/_deps/abseil-cpp-src/absl/crc/internal/crc_memcpy.h
Excluding /root/audit/PX4-Autopilot/build/px4_sitl_test/_deps/abseil-cpp-src/absl/crc/internal/crc_memcpy_fallback.cc
Excluding /root/audit/PX4-Autopilot/build/px4_sitl_test/_deps/abseil-cpp-src/absl/crc/internal/crc_x86_arm_combined.cc
Excluding /root/audit/PX4-Autopilot/build/px4_sitl_test/_deps/abseil-cpp-src/absl/debugging/failure_signal_handler.cc
Excluding /root/audit/PX4-Autopilot/build/px4_sitl_test/_deps/abseil-cpp-src/absl/debugging/failure_signal_handler.h
Excluding /root/audit/PX4-Autopilot/build/px4_sitl_test/_deps/abseil-cpp-src/absl/debugging/internal/address_is_readable.cc
Excluding /root/audit/PX4-Autopilot/build/px4_sitl_test/_deps/abseil-cpp-src/absl/debugging/internal/addresses.h
Excluding /root/audit/PX4-Autopilot/build/px4_sitl_test/_deps/abseil-cpp-src/absl/debugging/internal/bounded_utf8_length_sequence.h
Excluding /root/audit/PX4-Autopilot/build/px4_sitl_test/_deps/abseil-cpp-src/absl/debugging/internal/decode_rust_punycode.cc
Excluding /root/audit/PX4-Autopilot/build/px4_sitl_test/_deps/abseil-cpp-src/absl/debugging/internal/decode_rust_punycode.h
Excluding /root/audit/PX4-Autopilot/build/px4_sitl_test/_deps/abseil-cpp-src/absl/debugging/internal/demangle.cc
Excluding /root/audit/PX4-Autopilot/build/px4_sitl_test/_deps/abseil-cpp-src/absl/debugging/internal/demangle_rust.cc
Excluding /root/audit/PX4-Autopilot/build/px4_sitl_test/_deps/abseil-cpp-src/absl/debugging/internal/elf_mem_image.cc
Excluding /root/audit/PX4-Autopilot/build/px4_sitl_test/_deps/abseil-cpp-src/absl/debugging/internal/elf_mem_image.h
Excluding /root/audit/PX4-Autopilot/build/px4_sitl_test/_deps/abseil-cpp-src/absl/debugging/internal/examine_stack.cc
Excluding /root/audit/PX4-Autopilot/build/px4_sitl_test/_deps/abseil-cpp-src/absl/debugging/internal/stacktrace_x86-inl.inc
Excluding /root/audit/PX4-Autopilot/build/px4_sitl_test/_deps/abseil-cpp-src/absl/debugging/internal/utf8_for_code_point.cc
Excluding /root/audit/PX4-Autopilot/build/px4_sitl_test/_deps/abseil-cpp-src/absl/debugging/internal/utf8_for_code_point.h
Excluding /root/audit/PX4-Autopilot/build/px4_sitl_test/_deps/abseil-cpp-src/absl/debugging/internal/vdso_support.cc
Excluding /root/audit/PX4-Autopilot/build/px4_sitl_test/_deps/abseil-cpp-src/absl/debugging/internal/vdso_support.h
Excluding /root/audit/PX4-Autopilot/build/px4_sitl_test/_deps/abseil-cpp-src/absl/debugging/leak_check.cc
Excluding /root/audit/PX4-Autopilot/build/px4_sitl_test/_deps/abseil-cpp-src/absl/debugging/leak_check.h
Excluding /root/audit/PX4-Autopilot/build/px4_sitl_test/_deps/abseil-cpp-src/absl/debugging/stacktrace.cc
Excluding /root/audit/PX4-Autopilot/build/px4_sitl_test/_deps/abseil-cpp-src/absl/debugging/stacktrace.h
Excluding /root/audit/PX4-Autopilot/build/px4_sitl_test/_deps/abseil-cpp-src/absl/debugging/symbolize_elf.inc
Excluding /root/audit/PX4-Autopilot/build/px4_sitl_test/_deps/abseil-cpp-src/absl/flags/commandlineflag.cc
Excluding /root/audit/PX4-Autopilot/build/px4_sitl_test/_deps/abseil-cpp-src/absl/flags/commandlineflag.h
Excluding /root/audit/PX4-Autopilot/build/px4_sitl_test/_deps/abseil-cpp-src/absl/flags/flag.h
Excluding /root/audit/PX4-Autopilot/build/px4_sitl_test/_deps/abseil-cpp-src/absl/flags/internal/commandlineflag.cc
Excluding /root/audit/PX4-Autopilot/build/px4_sitl_test/_deps/abseil-cpp-src/absl/flags/internal/commandlineflag.h
Excluding /root/audit/PX4-Autopilot/build/px4_sitl_test/_deps/abseil-cpp-src/absl/flags/internal/flag.cc
Excluding /root/audit/PX4-Autopilot/build/px4_sitl_test/_deps/abseil-cpp-src/absl/flags/internal/flag.h
Excluding /root/audit/PX4-Autopilot/build/px4_sitl_test/_deps/abseil-cpp-src/absl/flags/internal/path_util.h
Excluding /root/audit/PX4-Autopilot/build/px4_sitl_test/_deps/abseil-cpp-src/absl/flags/internal/private_handle_accessor.cc
Excluding /root/audit/PX4-Autopilot/build/px4_sitl_test/_deps/abseil-cpp-src/absl/flags/internal/program_name.cc
Excluding /root/audit/PX4-Autopilot/build/px4_sitl_test/_deps/abseil-cpp-src/absl/flags/internal/sequence_lock.h
Excluding /root/audit/PX4-Autopilot/build/px4_sitl_test/_deps/abseil-cpp-src/absl/flags/internal/usage.cc
Excluding /root/audit/PX4-Autopilot/build/px4_sitl_test/_deps/abseil-cpp-src/absl/flags/marshalling.cc
Excluding /root/audit/PX4-Autopilot/build/px4_sitl_test/_deps/abseil-cpp-src/absl/flags/marshalling.h
Excluding /root/audit/PX4-Autopilot/build/px4_sitl_test/_deps/abseil-cpp-src/absl/flags/parse.cc
Excluding /root/audit/PX4-Autopilot/build/px4_sitl_test/_deps/abseil-cpp-src/absl/flags/parse.h
Excluding /root/audit/PX4-Autopilot/build/px4_sitl_test/_deps/abseil-cpp-src/absl/flags/reflection.cc
Excluding /root/audit/PX4-Autopilot/build/px4_sitl_test/_deps/abseil-cpp-src/absl/flags/usage.cc
Excluding /root/audit/PX4-Autopilot/build/px4_sitl_test/_deps/abseil-cpp-src/absl/flags/usage_config.cc
Excluding /root/audit/PX4-Autopilot/build/px4_sitl_test/_deps/abseil-cpp-src/absl/flags/usage_config.h
Excluding /root/audit/PX4-Autopilot/build/px4_sitl_test/_deps/abseil-cpp-src/absl/functional/any_invocable.h
Excluding /root/audit/PX4-Autopilot/build/px4_sitl_test/_deps/abseil-cpp-src/absl/functional/bind_front.h
Excluding /root/audit/PX4-Autopilot/build/px4_sitl_test/_deps/abseil-cpp-src/absl/functional/function_ref.h
Excluding /root/audit/PX4-Autopilot/build/px4_sitl_test/_deps/abseil-cpp-src/absl/functional/internal/any_invocable.h
Excluding /root/audit/PX4-Autopilot/build/px4_sitl_test/_deps/abseil-cpp-src/absl/functional/internal/front_binder.h
Excluding /root/audit/PX4-Autopilot/build/px4_sitl_test/_deps/abseil-cpp-src/absl/functional/internal/function_ref.h
Excluding /root/audit/PX4-Autopilot/build/px4_sitl_test/_deps/abseil-cpp-src/absl/hash/hash.h
Excluding /root/audit/PX4-Autopilot/build/px4_sitl_test/_deps/abseil-cpp-src/absl/hash/internal/city.cc
Excluding /root/audit/PX4-Autopilot/build/px4_sitl_test/_deps/abseil-cpp-src/absl/hash/internal/hash.cc
Excluding /root/audit/PX4-Autopilot/build/px4_sitl_test/_deps/abseil-cpp-src/absl/hash/internal/hash.h
Excluding /root/audit/PX4-Autopilot/build/px4_sitl_test/_deps/abseil-cpp-src/absl/hash/internal/low_level_hash.cc
Excluding /root/audit/PX4-Autopilot/build/px4_sitl_test/_deps/abseil-cpp-src/absl/log/globals.cc
Excluding /root/audit/PX4-Autopilot/build/px4_sitl_test/_deps/abseil-cpp-src/absl/log/internal/append_truncated.h
Excluding /root/audit/PX4-Autopilot/build/px4_sitl_test/_deps/abseil-cpp-src/absl/log/internal/check_op.cc
Excluding /root/audit/PX4-Autopilot/build/px4_sitl_test/_deps/abseil-cpp-src/absl/log/internal/check_op.h
Excluding /root/audit/PX4-Autopilot/build/px4_sitl_test/_deps/abseil-cpp-src/absl/log/internal/globals.cc
Excluding /root/audit/PX4-Autopilot/build/px4_sitl_test/_deps/abseil-cpp-src/absl/log/internal/log_format.cc
Excluding /root/audit/PX4-Autopilot/build/px4_sitl_test/_deps/abseil-cpp-src/absl/log/internal/log_message.cc
Excluding /root/audit/PX4-Autopilot/build/px4_sitl_test/_deps/abseil-cpp-src/absl/log/internal/log_message.h
Excluding /root/audit/PX4-Autopilot/build/px4_sitl_test/_deps/abseil-cpp-src/absl/log/internal/log_sink_set.cc
Excluding /root/audit/PX4-Autopilot/build/px4_sitl_test/_deps/abseil-cpp-src/absl/log/internal/nullguard.h
Excluding /root/audit/PX4-Autopilot/build/px4_sitl_test/_deps/abseil-cpp-src/absl/log/internal/proto.cc
Excluding /root/audit/PX4-Autopilot/build/px4_sitl_test/_deps/abseil-cpp-src/absl/log/internal/proto.h
Excluding /root/audit/PX4-Autopilot/build/px4_sitl_test/_deps/abseil-cpp-src/absl/log/internal/structured_proto.cc
Excluding /root/audit/PX4-Autopilot/build/px4_sitl_test/_deps/abseil-cpp-src/absl/log/internal/structured_proto.h
Excluding /root/audit/PX4-Autopilot/build/px4_sitl_test/_deps/abseil-cpp-src/absl/log/internal/voidify.h
Excluding /root/audit/PX4-Autopilot/build/px4_sitl_test/_deps/abseil-cpp-src/absl/log/log_entry.h
Excluding /root/audit/PX4-Autopilot/build/px4_sitl_test/_deps/abseil-cpp-src/absl/log/log_sink.cc
Excluding /root/audit/PX4-Autopilot/build/px4_sitl_test/_deps/abseil-cpp-src/absl/log/log_sink.h
Excluding /root/audit/PX4-Autopilot/build/px4_sitl_test/_deps/abseil-cpp-src/absl/log/log_sink_registry.h
Excluding /root/audit/PX4-Autopilot/build/px4_sitl_test/_deps/abseil-cpp-src/absl/memory/memory.h
Excluding /root/audit/PX4-Autopilot/build/px4_sitl_test/_deps/abseil-cpp-src/absl/numeric/bits.h
Excluding /root/audit/PX4-Autopilot/build/px4_sitl_test/_deps/abseil-cpp-src/absl/numeric/int128.cc
Excluding /root/audit/PX4-Autopilot/build/px4_sitl_test/_deps/abseil-cpp-src/absl/numeric/int128.h
Excluding /root/audit/PX4-Autopilot/build/px4_sitl_test/_deps/abseil-cpp-src/absl/numeric/int128_have_intrinsic.inc
Excluding /root/audit/PX4-Autopilot/build/px4_sitl_test/_deps/abseil-cpp-src/absl/numeric/internal/bits.h
Excluding /root/audit/PX4-Autopilot/build/px4_sitl_test/_deps/abseil-cpp-src/absl/numeric/internal/representation.h
Excluding /root/audit/PX4-Autopilot/build/px4_sitl_test/_deps/abseil-cpp-src/absl/profiling/internal/exponential_biased.cc
Excluding /root/audit/PX4-Autopilot/build/px4_sitl_test/_deps/abseil-cpp-src/absl/profiling/internal/exponential_biased.h
Excluding /root/audit/PX4-Autopilot/build/px4_sitl_test/_deps/abseil-cpp-src/absl/profiling/internal/sample_recorder.h
Excluding /root/audit/PX4-Autopilot/build/px4_sitl_test/_deps/abseil-cpp-src/absl/random/bernoulli_distribution.h
Excluding /root/audit/PX4-Autopilot/build/px4_sitl_test/_deps/abseil-cpp-src/absl/random/bit_gen_ref.h
Excluding /root/audit/PX4-Autopilot/build/px4_sitl_test/_deps/abseil-cpp-src/absl/random/discrete_distribution.cc
Excluding /root/audit/PX4-Autopilot/build/px4_sitl_test/_deps/abseil-cpp-src/absl/random/discrete_distribution.h
Excluding /root/audit/PX4-Autopilot/build/px4_sitl_test/_deps/abseil-cpp-src/absl/random/distributions.h
Excluding /root/audit/PX4-Autopilot/build/px4_sitl_test/_deps/abseil-cpp-src/absl/random/internal/distribution_caller.h
Excluding /root/audit/PX4-Autopilot/build/px4_sitl_test/_deps/abseil-cpp-src/absl/random/internal/entropy_pool.cc
Excluding /root/audit/PX4-Autopilot/build/px4_sitl_test/_deps/abseil-cpp-src/absl/random/internal/fast_uniform_bits.h
Excluding /root/audit/PX4-Autopilot/build/px4_sitl_test/_deps/abseil-cpp-src/absl/random/internal/fastmath.h
Excluding /root/audit/PX4-Autopilot/build/px4_sitl_test/_deps/abseil-cpp-src/absl/random/internal/generate_real.h
Excluding /root/audit/PX4-Autopilot/build/px4_sitl_test/_deps/abseil-cpp-src/absl/random/internal/nonsecure_base.h
Excluding /root/audit/PX4-Autopilot/build/px4_sitl_test/_deps/abseil-cpp-src/absl/random/internal/randen.cc
Excluding /root/audit/PX4-Autopilot/build/px4_sitl_test/_deps/abseil-cpp-src/absl/random/internal/randen.h
Excluding /root/audit/PX4-Autopilot/build/px4_sitl_test/_deps/abseil-cpp-src/absl/random/internal/randen_detect.cc
Excluding /root/audit/PX4-Autopilot/build/px4_sitl_test/_deps/abseil-cpp-src/absl/random/internal/randen_engine.h
Excluding /root/audit/PX4-Autopilot/build/px4_sitl_test/_deps/abseil-cpp-src/absl/random/internal/randen_hwaes.cc
Excluding /root/audit/PX4-Autopilot/build/px4_sitl_test/_deps/abseil-cpp-src/absl/random/internal/randen_slow.cc
Excluding /root/audit/PX4-Autopilot/build/px4_sitl_test/_deps/abseil-cpp-src/absl/random/internal/seed_material.cc
Excluding /root/audit/PX4-Autopilot/build/px4_sitl_test/_deps/abseil-cpp-src/absl/random/internal/uniform_helper.h
Excluding /root/audit/PX4-Autopilot/build/px4_sitl_test/_deps/abseil-cpp-src/absl/random/internal/wide_multiply.h
Excluding /root/audit/PX4-Autopilot/build/px4_sitl_test/_deps/abseil-cpp-src/absl/random/poisson_distribution.h
Excluding /root/audit/PX4-Autopilot/build/px4_sitl_test/_deps/abseil-cpp-src/absl/random/random.h
Excluding /root/audit/PX4-Autopilot/build/px4_sitl_test/_deps/abseil-cpp-src/absl/random/seed_gen_exception.cc
Excluding /root/audit/PX4-Autopilot/build/px4_sitl_test/_deps/abseil-cpp-src/absl/random/seed_gen_exception.h
Excluding /root/audit/PX4-Autopilot/build/px4_sitl_test/_deps/abseil-cpp-src/absl/random/uniform_int_distribution.h
Excluding /root/audit/PX4-Autopilot/build/px4_sitl_test/_deps/abseil-cpp-src/absl/random/uniform_real_distribution.h
Excluding /root/audit/PX4-Autopilot/build/px4_sitl_test/_deps/abseil-cpp-src/absl/random/zipf_distribution.h
Excluding /root/audit/PX4-Autopilot/build/px4_sitl_test/_deps/abseil-cpp-src/absl/status/internal/status_internal.cc
Excluding /root/audit/PX4-Autopilot/build/px4_sitl_test/_deps/abseil-cpp-src/absl/status/internal/status_internal.h
Excluding /root/audit/PX4-Autopilot/build/px4_sitl_test/_deps/abseil-cpp-src/absl/status/internal/statusor_internal.h
Excluding /root/audit/PX4-Autopilot/build/px4_sitl_test/_deps/abseil-cpp-src/absl/status/status.cc
Excluding /root/audit/PX4-Autopilot/build/px4_sitl_test/_deps/abseil-cpp-src/absl/status/status.h
Excluding /root/audit/PX4-Autopilot/build/px4_sitl_test/_deps/abseil-cpp-src/absl/status/status_payload_printer.cc
Excluding /root/audit/PX4-Autopilot/build/px4_sitl_test/_deps/abseil-cpp-src/absl/status/statusor.cc
Excluding /root/audit/PX4-Autopilot/build/px4_sitl_test/_deps/abseil-cpp-src/absl/status/statusor.h
Excluding /root/audit/PX4-Autopilot/build/px4_sitl_test/_deps/abseil-cpp-src/absl/strings/ascii.cc
Excluding /root/audit/PX4-Autopilot/build/px4_sitl_test/_deps/abseil-cpp-src/absl/strings/ascii.h
Excluding /root/audit/PX4-Autopilot/build/px4_sitl_test/_deps/abseil-cpp-src/absl/strings/charconv.cc
Excluding /root/audit/PX4-Autopilot/build/px4_sitl_test/_deps/abseil-cpp-src/absl/strings/charconv.h
Excluding /root/audit/PX4-Autopilot/build/px4_sitl_test/_deps/abseil-cpp-src/absl/strings/cord.cc
Excluding /root/audit/PX4-Autopilot/build/px4_sitl_test/_deps/abseil-cpp-src/absl/strings/cord.h
Excluding /root/audit/PX4-Autopilot/build/px4_sitl_test/_deps/abseil-cpp-src/absl/strings/cord_buffer.h
Excluding /root/audit/PX4-Autopilot/build/px4_sitl_test/_deps/abseil-cpp-src/absl/strings/escaping.cc
Excluding /root/audit/PX4-Autopilot/build/px4_sitl_test/_deps/abseil-cpp-src/absl/strings/internal/charconv_bigint.cc
Excluding /root/audit/PX4-Autopilot/build/px4_sitl_test/_deps/abseil-cpp-src/absl/strings/internal/charconv_bigint.h
Excluding /root/audit/PX4-Autopilot/build/px4_sitl_test/_deps/abseil-cpp-src/absl/strings/internal/charconv_parse.cc
Excluding /root/audit/PX4-Autopilot/build/px4_sitl_test/_deps/abseil-cpp-src/absl/strings/internal/charconv_parse.h
Excluding /root/audit/PX4-Autopilot/build/px4_sitl_test/_deps/abseil-cpp-src/absl/strings/internal/cord_data_edge.h
Excluding /root/audit/PX4-Autopilot/build/px4_sitl_test/_deps/abseil-cpp-src/absl/strings/internal/cord_internal.cc
Excluding /root/audit/PX4-Autopilot/build/px4_sitl_test/_deps/abseil-cpp-src/absl/strings/internal/cord_internal.h
Excluding /root/audit/PX4-Autopilot/build/px4_sitl_test/_deps/abseil-cpp-src/absl/strings/internal/cord_rep_btree.cc
Excluding /root/audit/PX4-Autopilot/build/px4_sitl_test/_deps/abseil-cpp-src/absl/strings/internal/cord_rep_btree.h
Excluding /root/audit/PX4-Autopilot/build/px4_sitl_test/_deps/abseil-cpp-src/absl/strings/internal/cord_rep_btree_navigator.cc
Excluding /root/audit/PX4-Autopilot/build/px4_sitl_test/_deps/abseil-cpp-src/absl/strings/internal/cord_rep_btree_navigator.h
Excluding /root/audit/PX4-Autopilot/build/px4_sitl_test/_deps/abseil-cpp-src/absl/strings/internal/cord_rep_btree_reader.cc
Excluding /root/audit/PX4-Autopilot/build/px4_sitl_test/_deps/abseil-cpp-src/absl/strings/internal/cord_rep_btree_reader.h
Excluding /root/audit/PX4-Autopilot/build/px4_sitl_test/_deps/abseil-cpp-src/absl/strings/internal/cord_rep_consume.cc
Excluding /root/audit/PX4-Autopilot/build/px4_sitl_test/_deps/abseil-cpp-src/absl/strings/internal/cord_rep_crc.cc
Excluding /root/audit/PX4-Autopilot/build/px4_sitl_test/_deps/abseil-cpp-src/absl/strings/internal/cord_rep_crc.h
Excluding /root/audit/PX4-Autopilot/build/px4_sitl_test/_deps/abseil-cpp-src/absl/strings/internal/cord_rep_flat.h
Excluding /root/audit/PX4-Autopilot/build/px4_sitl_test/_deps/abseil-cpp-src/absl/strings/internal/cordz_functions.cc
Excluding /root/audit/PX4-Autopilot/build/px4_sitl_test/_deps/abseil-cpp-src/absl/strings/internal/cordz_functions.h
Excluding /root/audit/PX4-Autopilot/build/px4_sitl_test/_deps/abseil-cpp-src/absl/strings/internal/cordz_handle.cc
Excluding /root/audit/PX4-Autopilot/build/px4_sitl_test/_deps/abseil-cpp-src/absl/strings/internal/cordz_handle.h
Excluding /root/audit/PX4-Autopilot/build/px4_sitl_test/_deps/abseil-cpp-src/absl/strings/internal/cordz_info.cc
Excluding /root/audit/PX4-Autopilot/build/px4_sitl_test/_deps/abseil-cpp-src/absl/strings/internal/cordz_info.h
Excluding /root/audit/PX4-Autopilot/build/px4_sitl_test/_deps/abseil-cpp-src/absl/strings/internal/cordz_statistics.h
Excluding /root/audit/PX4-Autopilot/build/px4_sitl_test/_deps/abseil-cpp-src/absl/strings/internal/cordz_update_scope.h
Excluding /root/audit/PX4-Autopilot/build/px4_sitl_test/_deps/abseil-cpp-src/absl/strings/internal/cordz_update_tracker.h
Excluding /root/audit/PX4-Autopilot/build/px4_sitl_test/_deps/abseil-cpp-src/absl/strings/internal/damerau_levenshtein_distance.cc
Excluding /root/audit/PX4-Autopilot/build/px4_sitl_test/_deps/abseil-cpp-src/absl/strings/internal/escaping.cc
Excluding /root/audit/PX4-Autopilot/build/px4_sitl_test/_deps/abseil-cpp-src/absl/strings/internal/escaping.h
Excluding /root/audit/PX4-Autopilot/build/px4_sitl_test/_deps/abseil-cpp-src/absl/strings/internal/memutil.cc
Excluding /root/audit/PX4-Autopilot/build/px4_sitl_test/_deps/abseil-cpp-src/absl/strings/internal/resize_uninitialized.h
Excluding /root/audit/PX4-Autopilot/build/px4_sitl_test/_deps/abseil-cpp-src/absl/strings/internal/str_format/arg.cc
Excluding /root/audit/PX4-Autopilot/build/px4_sitl_test/_deps/abseil-cpp-src/absl/strings/internal/str_format/arg.h
Excluding /root/audit/PX4-Autopilot/build/px4_sitl_test/_deps/abseil-cpp-src/absl/strings/internal/str_format/bind.cc
Excluding /root/audit/PX4-Autopilot/build/px4_sitl_test/_deps/abseil-cpp-src/absl/strings/internal/str_format/bind.h
Excluding /root/audit/PX4-Autopilot/build/px4_sitl_test/_deps/abseil-cpp-src/absl/strings/internal/str_format/constexpr_parser.h
Excluding /root/audit/PX4-Autopilot/build/px4_sitl_test/_deps/abseil-cpp-src/absl/strings/internal/str_format/extension.cc
Excluding /root/audit/PX4-Autopilot/build/px4_sitl_test/_deps/abseil-cpp-src/absl/strings/internal/str_format/extension.h
Excluding /root/audit/PX4-Autopilot/build/px4_sitl_test/_deps/abseil-cpp-src/absl/strings/internal/str_format/float_conversion.cc
Excluding /root/audit/PX4-Autopilot/build/px4_sitl_test/_deps/abseil-cpp-src/absl/strings/internal/str_format/output.cc
Excluding /root/audit/PX4-Autopilot/build/px4_sitl_test/_deps/abseil-cpp-src/absl/strings/internal/str_format/output.h
Excluding /root/audit/PX4-Autopilot/build/px4_sitl_test/_deps/abseil-cpp-src/absl/strings/internal/str_format/parser.cc
Excluding /root/audit/PX4-Autopilot/build/px4_sitl_test/_deps/abseil-cpp-src/absl/strings/internal/str_format/parser.h
Excluding /root/audit/PX4-Autopilot/build/px4_sitl_test/_deps/abseil-cpp-src/absl/strings/internal/str_join_internal.h
Excluding /root/audit/PX4-Autopilot/build/px4_sitl_test/_deps/abseil-cpp-src/absl/strings/internal/str_split_internal.h
Excluding /root/audit/PX4-Autopilot/build/px4_sitl_test/_deps/abseil-cpp-src/absl/strings/internal/stringify_sink.cc
Excluding /root/audit/PX4-Autopilot/build/px4_sitl_test/_deps/abseil-cpp-src/absl/strings/internal/stringify_sink.h
Excluding /root/audit/PX4-Autopilot/build/px4_sitl_test/_deps/abseil-cpp-src/absl/strings/internal/utf8.cc
Excluding /root/audit/PX4-Autopilot/build/px4_sitl_test/_deps/abseil-cpp-src/absl/strings/match.cc
Excluding /root/audit/PX4-Autopilot/build/px4_sitl_test/_deps/abseil-cpp-src/absl/strings/match.h
Excluding /root/audit/PX4-Autopilot/build/px4_sitl_test/_deps/abseil-cpp-src/absl/strings/numbers.cc
Excluding /root/audit/PX4-Autopilot/build/px4_sitl_test/_deps/abseil-cpp-src/absl/strings/numbers.h
Excluding /root/audit/PX4-Autopilot/build/px4_sitl_test/_deps/abseil-cpp-src/absl/strings/str_cat.cc
Excluding /root/audit/PX4-Autopilot/build/px4_sitl_test/_deps/abseil-cpp-src/absl/strings/str_cat.h
Excluding /root/audit/PX4-Autopilot/build/px4_sitl_test/_deps/abseil-cpp-src/absl/strings/str_format.h
Excluding /root/audit/PX4-Autopilot/build/px4_sitl_test/_deps/abseil-cpp-src/absl/strings/str_join.h
Excluding /root/audit/PX4-Autopilot/build/px4_sitl_test/_deps/abseil-cpp-src/absl/strings/str_replace.cc
Excluding /root/audit/PX4-Autopilot/build/px4_sitl_test/_deps/abseil-cpp-src/absl/strings/str_replace.h
Excluding /root/audit/PX4-Autopilot/build/px4_sitl_test/_deps/abseil-cpp-src/absl/strings/str_split.cc
Excluding /root/audit/PX4-Autopilot/build/px4_sitl_test/_deps/abseil-cpp-src/absl/strings/str_split.h
Excluding /root/audit/PX4-Autopilot/build/px4_sitl_test/_deps/abseil-cpp-src/absl/strings/string_view.h
Excluding /root/audit/PX4-Autopilot/build/px4_sitl_test/_deps/abseil-cpp-src/absl/strings/strip.h
Excluding /root/audit/PX4-Autopilot/build/px4_sitl_test/_deps/abseil-cpp-src/absl/synchronization/internal/create_thread_identity.cc
Excluding /root/audit/PX4-Autopilot/build/px4_sitl_test/_deps/abseil-cpp-src/absl/synchronization/internal/create_thread_identity.h
Excluding /root/audit/PX4-Autopilot/build/px4_sitl_test/_deps/abseil-cpp-src/absl/synchronization/internal/futex.h
Excluding /root/audit/PX4-Autopilot/build/px4_sitl_test/_deps/abseil-cpp-src/absl/synchronization/internal/futex_waiter.cc
Excluding /root/audit/PX4-Autopilot/build/px4_sitl_test/_deps/abseil-cpp-src/absl/synchronization/internal/futex_waiter.h
Excluding /root/audit/PX4-Autopilot/build/px4_sitl_test/_deps/abseil-cpp-src/absl/synchronization/internal/graphcycles.cc
Excluding /root/audit/PX4-Autopilot/build/px4_sitl_test/_deps/abseil-cpp-src/absl/synchronization/internal/graphcycles.h
Excluding /root/audit/PX4-Autopilot/build/px4_sitl_test/_deps/abseil-cpp-src/absl/synchronization/internal/kernel_timeout.cc
Excluding /root/audit/PX4-Autopilot/build/px4_sitl_test/_deps/abseil-cpp-src/absl/synchronization/internal/kernel_timeout.h
Excluding /root/audit/PX4-Autopilot/build/px4_sitl_test/_deps/abseil-cpp-src/absl/synchronization/internal/per_thread_sem.cc
Excluding /root/audit/PX4-Autopilot/build/px4_sitl_test/_deps/abseil-cpp-src/absl/synchronization/internal/per_thread_sem.h
Excluding /root/audit/PX4-Autopilot/build/px4_sitl_test/_deps/abseil-cpp-src/absl/synchronization/internal/waiter_base.cc
Excluding /root/audit/PX4-Autopilot/build/px4_sitl_test/_deps/abseil-cpp-src/absl/synchronization/internal/waiter_base.h
Excluding /root/audit/PX4-Autopilot/build/px4_sitl_test/_deps/abseil-cpp-src/absl/synchronization/mutex.cc
Excluding /root/audit/PX4-Autopilot/build/px4_sitl_test/_deps/abseil-cpp-src/absl/synchronization/mutex.h
Excluding /root/audit/PX4-Autopilot/build/px4_sitl_test/_deps/abseil-cpp-src/absl/time/civil_time.h
Excluding /root/audit/PX4-Autopilot/build/px4_sitl_test/_deps/abseil-cpp-src/absl/time/clock.cc
Excluding /root/audit/PX4-Autopilot/build/px4_sitl_test/_deps/abseil-cpp-src/absl/time/clock.h
Excluding /root/audit/PX4-Autopilot/build/px4_sitl_test/_deps/abseil-cpp-src/absl/time/duration.cc
Excluding /root/audit/PX4-Autopilot/build/px4_sitl_test/_deps/abseil-cpp-src/absl/time/internal/cctz/include/cctz/civil_time_detail.h
Excluding /root/audit/PX4-Autopilot/build/px4_sitl_test/_deps/abseil-cpp-src/absl/time/internal/cctz/include/cctz/time_zone.h
Excluding /root/audit/PX4-Autopilot/build/px4_sitl_test/_deps/abseil-cpp-src/absl/time/internal/cctz/include/cctz/zone_info_source.h
Excluding /root/audit/PX4-Autopilot/build/px4_sitl_test/_deps/abseil-cpp-src/absl/time/internal/cctz/src/time_zone_fixed.cc
Excluding /root/audit/PX4-Autopilot/build/px4_sitl_test/_deps/abseil-cpp-src/absl/time/internal/cctz/src/time_zone_if.cc
Excluding /root/audit/PX4-Autopilot/build/px4_sitl_test/_deps/abseil-cpp-src/absl/time/internal/cctz/src/time_zone_if.h
Excluding /root/audit/PX4-Autopilot/build/px4_sitl_test/_deps/abseil-cpp-src/absl/time/internal/cctz/src/time_zone_impl.cc
Excluding /root/audit/PX4-Autopilot/build/px4_sitl_test/_deps/abseil-cpp-src/absl/time/internal/cctz/src/time_zone_impl.h
Excluding /root/audit/PX4-Autopilot/build/px4_sitl_test/_deps/abseil-cpp-src/absl/time/internal/cctz/src/time_zone_info.cc
Excluding /root/audit/PX4-Autopilot/build/px4_sitl_test/_deps/abseil-cpp-src/absl/time/internal/cctz/src/time_zone_info.h
Excluding /root/audit/PX4-Autopilot/build/px4_sitl_test/_deps/abseil-cpp-src/absl/time/internal/cctz/src/time_zone_libc.cc
Excluding /root/audit/PX4-Autopilot/build/px4_sitl_test/_deps/abseil-cpp-src/absl/time/internal/cctz/src/time_zone_libc.h
Excluding /root/audit/PX4-Autopilot/build/px4_sitl_test/_deps/abseil-cpp-src/absl/time/internal/cctz/src/time_zone_lookup.cc
Excluding /root/audit/PX4-Autopilot/build/px4_sitl_test/_deps/abseil-cpp-src/absl/time/internal/cctz/src/time_zone_posix.cc
Excluding /root/audit/PX4-Autopilot/build/px4_sitl_test/_deps/abseil-cpp-src/absl/time/internal/cctz/src/time_zone_posix.h
Excluding /root/audit/PX4-Autopilot/build/px4_sitl_test/_deps/abseil-cpp-src/absl/time/internal/cctz/src/zone_info_source.cc
Excluding /root/audit/PX4-Autopilot/build/px4_sitl_test/_deps/abseil-cpp-src/absl/time/internal/get_current_time_posix.inc
Excluding /root/audit/PX4-Autopilot/build/px4_sitl_test/_deps/abseil-cpp-src/absl/time/time.cc
Excluding /root/audit/PX4-Autopilot/build/px4_sitl_test/_deps/abseil-cpp-src/absl/time/time.h
Excluding /root/audit/PX4-Autopilot/build/px4_sitl_test/_deps/abseil-cpp-src/absl/types/internal/span.h
Excluding /root/audit/PX4-Autopilot/build/px4_sitl_test/_deps/abseil-cpp-src/absl/types/span.h
Excluding /root/audit/PX4-Autopilot/build/px4_sitl_test/_deps/googletest-src/googletest/include/gtest/gtest-assertion-result.h
Excluding /root/audit/PX4-Autopilot/build/px4_sitl_test/_deps/googletest-src/googletest/include/gtest/gtest-matchers.h
Excluding /root/audit/PX4-Autopilot/build/px4_sitl_test/_deps/googletest-src/googletest/include/gtest/gtest-message.h
Excluding /root/audit/PX4-Autopilot/build/px4_sitl_test/_deps/googletest-src/googletest/include/gtest/gtest-printers.h
Excluding /root/audit/PX4-Autopilot/build/px4_sitl_test/_deps/googletest-src/googletest/include/gtest/gtest-test-part.h
Excluding /root/audit/PX4-Autopilot/build/px4_sitl_test/_deps/googletest-src/googletest/include/gtest/gtest.h
Excluding /root/audit/PX4-Autopilot/build/px4_sitl_test/_deps/googletest-src/googletest/include/gtest/internal/gtest-death-test-internal.h
Excluding /root/audit/PX4-Autopilot/build/px4_sitl_test/_deps/googletest-src/googletest/include/gtest/internal/gtest-filepath.h
Excluding /root/audit/PX4-Autopilot/build/px4_sitl_test/_deps/googletest-src/googletest/include/gtest/internal/gtest-internal.h
Excluding /root/audit/PX4-Autopilot/build/px4_sitl_test/_deps/googletest-src/googletest/include/gtest/internal/gtest-param-util.h
Excluding /root/audit/PX4-Autopilot/build/px4_sitl_test/_deps/googletest-src/googletest/include/gtest/internal/gtest-port.h
Excluding /root/audit/PX4-Autopilot/build/px4_sitl_test/_deps/googletest-src/googletest/src/gtest-assertion-result.cc
Excluding /root/audit/PX4-Autopilot/build/px4_sitl_test/_deps/googletest-src/googletest/src/gtest-death-test.cc
Excluding /root/audit/PX4-Autopilot/build/px4_sitl_test/_deps/googletest-src/googletest/src/gtest-filepath.cc
Excluding /root/audit/PX4-Autopilot/build/px4_sitl_test/_deps/googletest-src/googletest/src/gtest-internal-inl.h
Excluding /root/audit/PX4-Autopilot/build/px4_sitl_test/_deps/googletest-src/googletest/src/gtest-matchers.cc
Excluding /root/audit/PX4-Autopilot/build/px4_sitl_test/_deps/googletest-src/googletest/src/gtest-port.cc
Excluding /root/audit/PX4-Autopilot/build/px4_sitl_test/_deps/googletest-src/googletest/src/gtest-printers.cc
Excluding /root/audit/PX4-Autopilot/build/px4_sitl_test/_deps/googletest-src/googletest/src/gtest-test-part.cc
Excluding /root/audit/PX4-Autopilot/build/px4_sitl_test/_deps/googletest-src/googletest/src/gtest-typed-test.cc
Excluding /root/audit/PX4-Autopilot/build/px4_sitl_test/_deps/googletest-src/googletest/src/gtest.cc
Excluding /root/audit/PX4-Autopilot/build/px4_sitl_test/_deps/re2-src/re2/bitmap256.cc
Excluding /root/audit/PX4-Autopilot/build/px4_sitl_test/_deps/re2-src/re2/bitmap256.h
Excluding /root/audit/PX4-Autopilot/build/px4_sitl_test/_deps/re2-src/re2/bitstate.cc
Excluding /root/audit/PX4-Autopilot/build/px4_sitl_test/_deps/re2-src/re2/compile.cc
Excluding /root/audit/PX4-Autopilot/build/px4_sitl_test/_deps/re2-src/re2/dfa.cc
Excluding /root/audit/PX4-Autopilot/build/px4_sitl_test/_deps/re2-src/re2/nfa.cc
Excluding /root/audit/PX4-Autopilot/build/px4_sitl_test/_deps/re2-src/re2/onepass.cc
Excluding /root/audit/PX4-Autopilot/build/px4_sitl_test/_deps/re2-src/re2/parse.cc
Excluding /root/audit/PX4-Autopilot/build/px4_sitl_test/_deps/re2-src/re2/pod_array.h
Excluding /root/audit/PX4-Autopilot/build/px4_sitl_test/_deps/re2-src/re2/prog.cc
Excluding /root/audit/PX4-Autopilot/build/px4_sitl_test/_deps/re2-src/re2/prog.h
Excluding /root/audit/PX4-Autopilot/build/px4_sitl_test/_deps/re2-src/re2/re2.cc
Excluding /root/audit/PX4-Autopilot/build/px4_sitl_test/_deps/re2-src/re2/re2.h
Excluding /root/audit/PX4-Autopilot/build/px4_sitl_test/_deps/re2-src/re2/regexp.cc
Excluding /root/audit/PX4-Autopilot/build/px4_sitl_test/_deps/re2-src/re2/regexp.h
Excluding /root/audit/PX4-Autopilot/build/px4_sitl_test/_deps/re2-src/re2/simplify.cc
Excluding /root/audit/PX4-Autopilot/build/px4_sitl_test/_deps/re2-src/re2/sparse_array.h
Excluding /root/audit/PX4-Autopilot/build/px4_sitl_test/_deps/re2-src/re2/sparse_set.h
Excluding /root/audit/PX4-Autopilot/build/px4_sitl_test/_deps/re2-src/re2/tostring.cc
Excluding /root/audit/PX4-Autopilot/build/px4_sitl_test/_deps/re2-src/re2/walker-inl.h
Excluding /root/audit/PX4-Autopilot/build/px4_sitl_test/_deps/re2-src/util/rune.cc
Excluding /root/audit/PX4-Autopilot/build/px4_sitl_test/_deps/re2-src/util/strutil.cc
Excluding /root/audit/PX4-Autopilot/build/px4_sitl_test/msg/topics_sources/action_request.cpp
Excluding /root/audit/PX4-Autopilot/build/px4_sitl_test/msg/topics_sources/actuator_armed.cpp
Excluding /root/audit/PX4-Autopilot/build/px4_sitl_test/msg/topics_sources/actuator_controls_status.cpp
Excluding /root/audit/PX4-Autopilot/build/px4_sitl_test/msg/topics_sources/actuator_motors.cpp
Excluding /root/audit/PX4-Autopilot/build/px4_sitl_test/msg/topics_sources/actuator_outputs.cpp
Excluding /root/audit/PX4-Autopilot/build/px4_sitl_test/msg/topics_sources/actuator_servos.cpp
Excluding /root/audit/PX4-Autopilot/build/px4_sitl_test/msg/topics_sources/actuator_servos_trim.cpp
Excluding /root/audit/PX4-Autopilot/build/px4_sitl_test/msg/topics_sources/actuator_test.cpp
Excluding /root/audit/PX4-Autopilot/build/px4_sitl_test/msg/topics_sources/adc_report.cpp
Excluding /root/audit/PX4-Autopilot/build/px4_sitl_test/msg/topics_sources/airspeed.cpp
Excluding /root/audit/PX4-Autopilot/build/px4_sitl_test/msg/topics_sources/airspeed_validated.cpp
Excluding /root/audit/PX4-Autopilot/build/px4_sitl_test/msg/topics_sources/airspeed_wind.cpp
Excluding /root/audit/PX4-Autopilot/build/px4_sitl_test/msg/topics_sources/arming_check_reply.cpp
Excluding /root/audit/PX4-Autopilot/build/px4_sitl_test/msg/topics_sources/arming_check_request.cpp
Excluding /root/audit/PX4-Autopilot/build/px4_sitl_test/msg/topics_sources/autotune_attitude_control_status.cpp
Excluding /root/audit/PX4-Autopilot/build/px4_sitl_test/msg/topics_sources/battery_info.cpp
Excluding /root/audit/PX4-Autopilot/build/px4_sitl_test/msg/topics_sources/battery_status.cpp
Excluding /root/audit/PX4-Autopilot/build/px4_sitl_test/msg/topics_sources/button_event.cpp
Excluding /root/audit/PX4-Autopilot/build/px4_sitl_test/msg/topics_sources/camera_capture.cpp
Excluding /root/audit/PX4-Autopilot/build/px4_sitl_test/msg/topics_sources/camera_status.cpp
Excluding /root/audit/PX4-Autopilot/build/px4_sitl_test/msg/topics_sources/camera_trigger.cpp
Excluding /root/audit/PX4-Autopilot/build/px4_sitl_test/msg/topics_sources/can_interface_status.cpp
Excluding /root/audit/PX4-Autopilot/build/px4_sitl_test/msg/topics_sources/cellular_status.cpp
Excluding /root/audit/PX4-Autopilot/build/px4_sitl_test/msg/topics_sources/collision_constraints.cpp
Excluding /root/audit/PX4-Autopilot/build/px4_sitl_test/msg/topics_sources/config_overrides.cpp
Excluding /root/audit/PX4-Autopilot/build/px4_sitl_test/msg/topics_sources/control_allocator_status.cpp
Excluding /root/audit/PX4-Autopilot/build/px4_sitl_test/msg/topics_sources/cpuload.cpp
Excluding /root/audit/PX4-Autopilot/build/px4_sitl_test/msg/topics_sources/dataman_request.cpp
Excluding /root/audit/PX4-Autopilot/build/px4_sitl_test/msg/topics_sources/dataman_response.cpp
Excluding /root/audit/PX4-Autopilot/build/px4_sitl_test/msg/topics_sources/debug_array.cpp
Excluding /root/audit/PX4-Autopilot/build/px4_sitl_test/msg/topics_sources/debug_key_value.cpp
Excluding /root/audit/PX4-Autopilot/build/px4_sitl_test/msg/topics_sources/debug_value.cpp
Excluding /root/audit/PX4-Autopilot/build/px4_sitl_test/msg/topics_sources/debug_vect.cpp
Excluding /root/audit/PX4-Autopilot/build/px4_sitl_test/msg/topics_sources/differential_pressure.cpp
Excluding /root/audit/PX4-Autopilot/build/px4_sitl_test/msg/topics_sources/distance_sensor.cpp
Excluding /root/audit/PX4-Autopilot/build/px4_sitl_test/msg/topics_sources/distance_sensor_mode_change_request.cpp
Excluding /root/audit/PX4-Autopilot/build/px4_sitl_test/msg/topics_sources/dronecan_node_status.cpp
Excluding /root/audit/PX4-Autopilot/build/px4_sitl_test/msg/topics_sources/ekf2_timestamps.cpp
Excluding /root/audit/PX4-Autopilot/build/px4_sitl_test/msg/topics_sources/esc_report.cpp
Excluding /root/audit/PX4-Autopilot/build/px4_sitl_test/msg/topics_sources/esc_status.cpp
Excluding /root/audit/PX4-Autopilot/build/px4_sitl_test/msg/topics_sources/estimator_aid_source1d.cpp
Excluding /root/audit/PX4-Autopilot/build/px4_sitl_test/msg/topics_sources/estimator_aid_source2d.cpp
Excluding /root/audit/PX4-Autopilot/build/px4_sitl_test/msg/topics_sources/estimator_aid_source3d.cpp
Excluding /root/audit/PX4-Autopilot/build/px4_sitl_test/msg/topics_sources/estimator_bias.cpp
Excluding /root/audit/PX4-Autopilot/build/px4_sitl_test/msg/topics_sources/estimator_bias3d.cpp
Excluding /root/audit/PX4-Autopilot/build/px4_sitl_test/msg/topics_sources/estimator_event_flags.cpp
Excluding /root/audit/PX4-Autopilot/build/px4_sitl_test/msg/topics_sources/estimator_gps_status.cpp
Excluding /root/audit/PX4-Autopilot/build/px4_sitl_test/msg/topics_sources/estimator_innovations.cpp
Excluding /root/audit/PX4-Autopilot/build/px4_sitl_test/msg/topics_sources/estimator_selector_status.cpp
Excluding /root/audit/PX4-Autopilot/build/px4_sitl_test/msg/topics_sources/estimator_sensor_bias.cpp
Excluding /root/audit/PX4-Autopilot/build/px4_sitl_test/msg/topics_sources/estimator_states.cpp
Excluding /root/audit/PX4-Autopilot/build/px4_sitl_test/msg/topics_sources/estimator_status.cpp
Excluding /root/audit/PX4-Autopilot/build/px4_sitl_test/msg/topics_sources/estimator_status_flags.cpp
Excluding /root/audit/PX4-Autopilot/build/px4_sitl_test/msg/topics_sources/event.cpp
Excluding /root/audit/PX4-Autopilot/build/px4_sitl_test/msg/topics_sources/failsafe_flags.cpp
Excluding /root/audit/PX4-Autopilot/build/px4_sitl_test/msg/topics_sources/failure_detector_status.cpp
Excluding /root/audit/PX4-Autopilot/build/px4_sitl_test/msg/topics_sources/figure_eight_status.cpp
Excluding /root/audit/PX4-Autopilot/build/px4_sitl_test/msg/topics_sources/fixed_wing_lateral_guidance_status.cpp
Excluding /root/audit/PX4-Autopilot/build/px4_sitl_test/msg/topics_sources/fixed_wing_lateral_setpoint.cpp
Excluding /root/audit/PX4-Autopilot/build/px4_sitl_test/msg/topics_sources/fixed_wing_lateral_status.cpp
Excluding /root/audit/PX4-Autopilot/build/px4_sitl_test/msg/topics_sources/fixed_wing_longitudinal_setpoint.cpp
Excluding /root/audit/PX4-Autopilot/build/px4_sitl_test/msg/topics_sources/fixed_wing_runway_control.cpp
Excluding /root/audit/PX4-Autopilot/build/px4_sitl_test/msg/topics_sources/flight_phase_estimation.cpp
Excluding /root/audit/PX4-Autopilot/build/px4_sitl_test/msg/topics_sources/follow_target.cpp
Excluding /root/audit/PX4-Autopilot/build/px4_sitl_test/msg/topics_sources/follow_target_estimator.cpp
Excluding /root/audit/PX4-Autopilot/build/px4_sitl_test/msg/topics_sources/follow_target_status.cpp
Excluding /root/audit/PX4-Autopilot/build/px4_sitl_test/msg/topics_sources/fuel_tank_status.cpp
Excluding /root/audit/PX4-Autopilot/build/px4_sitl_test/msg/topics_sources/generator_status.cpp
Excluding /root/audit/PX4-Autopilot/build/px4_sitl_test/msg/topics_sources/geofence_result.cpp
Excluding /root/audit/PX4-Autopilot/build/px4_sitl_test/msg/topics_sources/geofence_status.cpp
Excluding /root/audit/PX4-Autopilot/build/px4_sitl_test/msg/topics_sources/gimbal_controls.cpp
Excluding /root/audit/PX4-Autopilot/build/px4_sitl_test/msg/topics_sources/gimbal_device_attitude_status.cpp
Excluding /root/audit/PX4-Autopilot/build/px4_sitl_test/msg/topics_sources/gimbal_device_information.cpp
Excluding /root/audit/PX4-Autopilot/build/px4_sitl_test/msg/topics_sources/gimbal_device_set_attitude.cpp
Excluding /root/audit/PX4-Autopilot/build/px4_sitl_test/msg/topics_sources/gimbal_manager_information.cpp
Excluding /root/audit/PX4-Autopilot/build/px4_sitl_test/msg/topics_sources/gimbal_manager_set_attitude.cpp
Excluding /root/audit/PX4-Autopilot/build/px4_sitl_test/msg/topics_sources/gimbal_manager_set_manual_control.cpp
Excluding /root/audit/PX4-Autopilot/build/px4_sitl_test/msg/topics_sources/gimbal_manager_status.cpp
Excluding /root/audit/PX4-Autopilot/build/px4_sitl_test/msg/topics_sources/goto_setpoint.cpp
Excluding /root/audit/PX4-Autopilot/build/px4_sitl_test/msg/topics_sources/gpio_config.cpp
Excluding /root/audit/PX4-Autopilot/build/px4_sitl_test/msg/topics_sources/gpio_in.cpp
Excluding /root/audit/PX4-Autopilot/build/px4_sitl_test/msg/topics_sources/gpio_out.cpp
Excluding /root/audit/PX4-Autopilot/build/px4_sitl_test/msg/topics_sources/gpio_request.cpp
Excluding /root/audit/PX4-Autopilot/build/px4_sitl_test/msg/topics_sources/gps_dump.cpp
Excluding /root/audit/PX4-Autopilot/build/px4_sitl_test/msg/topics_sources/gps_inject_data.cpp
Excluding /root/audit/PX4-Autopilot/build/px4_sitl_test/msg/topics_sources/gripper.cpp
Excluding /root/audit/PX4-Autopilot/build/px4_sitl_test/msg/topics_sources/health_report.cpp
Excluding /root/audit/PX4-Autopilot/build/px4_sitl_test/msg/topics_sources/heater_status.cpp
Excluding /root/audit/PX4-Autopilot/build/px4_sitl_test/msg/topics_sources/home_position.cpp
Excluding /root/audit/PX4-Autopilot/build/px4_sitl_test/msg/topics_sources/hover_thrust_estimate.cpp
Excluding /root/audit/PX4-Autopilot/build/px4_sitl_test/msg/topics_sources/input_rc.cpp
Excluding /root/audit/PX4-Autopilot/build/px4_sitl_test/msg/topics_sources/internal_combustion_engine_control.cpp
Excluding /root/audit/PX4-Autopilot/build/px4_sitl_test/msg/topics_sources/internal_combustion_engine_status.cpp
Excluding /root/audit/PX4-Autopilot/build/px4_sitl_test/msg/topics_sources/iridiumsbd_status.cpp
Excluding /root/audit/PX4-Autopilot/build/px4_sitl_test/msg/topics_sources/irlock_report.cpp
Excluding /root/audit/PX4-Autopilot/build/px4_sitl_test/msg/topics_sources/landing_gear.cpp
Excluding /root/audit/PX4-Autopilot/build/px4_sitl_test/msg/topics_sources/landing_gear_wheel.cpp
Excluding /root/audit/PX4-Autopilot/build/px4_sitl_test/msg/topics_sources/landing_target_innovations.cpp
Excluding /root/audit/PX4-Autopilot/build/px4_sitl_test/msg/topics_sources/landing_target_pose.cpp
Excluding /root/audit/PX4-Autopilot/build/px4_sitl_test/msg/topics_sources/lateral_control_configuration.cpp
Excluding /root/audit/PX4-Autopilot/build/px4_sitl_test/msg/topics_sources/launch_detection_status.cpp
Excluding /root/audit/PX4-Autopilot/build/px4_sitl_test/msg/topics_sources/led_control.cpp
Excluding /root/audit/PX4-Autopilot/build/px4_sitl_test/msg/topics_sources/log_message.cpp
Excluding /root/audit/PX4-Autopilot/build/px4_sitl_test/msg/topics_sources/logger_status.cpp
Excluding /root/audit/PX4-Autopilot/build/px4_sitl_test/msg/topics_sources/longitudinal_control_configuration.cpp
Excluding /root/audit/PX4-Autopilot/build/px4_sitl_test/msg/topics_sources/mag_worker_data.cpp
Excluding /root/audit/PX4-Autopilot/build/px4_sitl_test/msg/topics_sources/magnetometer_bias_estimate.cpp
Excluding /root/audit/PX4-Autopilot/build/px4_sitl_test/msg/topics_sources/manual_control_setpoint.cpp
Excluding /root/audit/PX4-Autopilot/build/px4_sitl_test/msg/topics_sources/manual_control_switches.cpp
Excluding /root/audit/PX4-Autopilot/build/px4_sitl_test/msg/topics_sources/mavlink_log.cpp
Excluding /root/audit/PX4-Autopilot/build/px4_sitl_test/msg/topics_sources/mavlink_tunnel.cpp
Excluding /root/audit/PX4-Autopilot/build/px4_sitl_test/msg/topics_sources/message_format_request.cpp
Excluding /root/audit/PX4-Autopilot/build/px4_sitl_test/msg/topics_sources/message_format_response.cpp
Excluding /root/audit/PX4-Autopilot/build/px4_sitl_test/msg/topics_sources/mission.cpp
Excluding /root/audit/PX4-Autopilot/build/px4_sitl_test/msg/topics_sources/mission_result.cpp
Excluding /root/audit/PX4-Autopilot/build/px4_sitl_test/msg/topics_sources/mode_completed.cpp
Excluding /root/audit/PX4-Autopilot/build/px4_sitl_test/msg/topics_sources/mount_orientation.cpp
Excluding /root/audit/PX4-Autopilot/build/px4_sitl_test/msg/topics_sources/navigator_mission_item.cpp
Excluding /root/audit/PX4-Autopilot/build/px4_sitl_test/msg/topics_sources/navigator_status.cpp
Excluding /root/audit/PX4-Autopilot/build/px4_sitl_test/msg/topics_sources/neural_control.cpp
Excluding /root/audit/PX4-Autopilot/build/px4_sitl_test/msg/topics_sources/normalized_unsigned_setpoint.cpp
Excluding /root/audit/PX4-Autopilot/build/px4_sitl_test/msg/topics_sources/obstacle_distance.cpp
Excluding /root/audit/PX4-Autopilot/build/px4_sitl_test/msg/topics_sources/offboard_control_mode.cpp
Excluding /root/audit/PX4-Autopilot/build/px4_sitl_test/msg/topics_sources/onboard_computer_status.cpp
Excluding /root/audit/PX4-Autopilot/build/px4_sitl_test/msg/topics_sources/open_drone_id_arm_status.cpp
Excluding /root/audit/PX4-Autopilot/build/px4_sitl_test/msg/topics_sources/open_drone_id_operator_id.cpp
Excluding /root/audit/PX4-Autopilot/build/px4_sitl_test/msg/topics_sources/open_drone_id_self_id.cpp
Excluding /root/audit/PX4-Autopilot/build/px4_sitl_test/msg/topics_sources/open_drone_id_system.cpp
Excluding /root/audit/PX4-Autopilot/build/px4_sitl_test/msg/topics_sources/orb_test.cpp
Excluding /root/audit/PX4-Autopilot/build/px4_sitl_test/msg/topics_sources/orb_test_large.cpp
Excluding /root/audit/PX4-Autopilot/build/px4_sitl_test/msg/topics_sources/orb_test_medium.cpp
Excluding /root/audit/PX4-Autopilot/build/px4_sitl_test/msg/topics_sources/orbit_status.cpp
Excluding /root/audit/PX4-Autopilot/build/px4_sitl_test/msg/topics_sources/parameter_reset_request.cpp
Excluding /root/audit/PX4-Autopilot/build/px4_sitl_test/msg/topics_sources/parameter_set_used_request.cpp
Excluding /root/audit/PX4-Autopilot/build/px4_sitl_test/msg/topics_sources/parameter_set_value_request.cpp
Excluding /root/audit/PX4-Autopilot/build/px4_sitl_test/msg/topics_sources/parameter_set_value_response.cpp
Excluding /root/audit/PX4-Autopilot/build/px4_sitl_test/msg/topics_sources/parameter_update.cpp
Excluding /root/audit/PX4-Autopilot/build/px4_sitl_test/msg/topics_sources/ping.cpp
Excluding /root/audit/PX4-Autopilot/build/px4_sitl_test/msg/topics_sources/position_controller_landing_status.cpp
Excluding /root/audit/PX4-Autopilot/build/px4_sitl_test/msg/topics_sources/position_controller_status.cpp
Excluding /root/audit/PX4-Autopilot/build/px4_sitl_test/msg/topics_sources/position_setpoint.cpp
Excluding /root/audit/PX4-Autopilot/build/px4_sitl_test/msg/topics_sources/position_setpoint_triplet.cpp
Excluding /root/audit/PX4-Autopilot/build/px4_sitl_test/msg/topics_sources/power_button_state.cpp
Excluding /root/audit/PX4-Autopilot/build/px4_sitl_test/msg/topics_sources/power_monitor.cpp
Excluding /root/audit/PX4-Autopilot/build/px4_sitl_test/msg/topics_sources/pps_capture.cpp
Excluding /root/audit/PX4-Autopilot/build/px4_sitl_test/msg/topics_sources/pure_pursuit_status.cpp
Excluding /root/audit/PX4-Autopilot/build/px4_sitl_test/msg/topics_sources/pwm_input.cpp
Excluding /root/audit/PX4-Autopilot/build/px4_sitl_test/msg/topics_sources/px4io_status.cpp
Excluding /root/audit/PX4-Autopilot/build/px4_sitl_test/msg/topics_sources/qshell_req.cpp
Excluding /root/audit/PX4-Autopilot/build/px4_sitl_test/msg/topics_sources/qshell_retval.cpp
Excluding /root/audit/PX4-Autopilot/build/px4_sitl_test/msg/topics_sources/radio_status.cpp
Excluding /root/audit/PX4-Autopilot/build/px4_sitl_test/msg/topics_sources/rate_ctrl_status.cpp
Excluding /root/audit/PX4-Autopilot/build/px4_sitl_test/msg/topics_sources/rc_channels.cpp
Excluding /root/audit/PX4-Autopilot/build/px4_sitl_test/msg/topics_sources/rc_parameter_map.cpp
Excluding /root/audit/PX4-Autopilot/build/px4_sitl_test/msg/topics_sources/register_ext_component_reply.cpp
Excluding /root/audit/PX4-Autopilot/build/px4_sitl_test/msg/topics_sources/register_ext_component_request.cpp
Excluding /root/audit/PX4-Autopilot/build/px4_sitl_test/msg/topics_sources/rover_attitude_setpoint.cpp
Excluding /root/audit/PX4-Autopilot/build/px4_sitl_test/msg/topics_sources/rover_attitude_status.cpp
Excluding /root/audit/PX4-Autopilot/build/px4_sitl_test/msg/topics_sources/rover_position_setpoint.cpp
Excluding /root/audit/PX4-Autopilot/build/px4_sitl_test/msg/topics_sources/rover_rate_setpoint.cpp
Excluding /root/audit/PX4-Autopilot/build/px4_sitl_test/msg/topics_sources/rover_rate_status.cpp
Excluding /root/audit/PX4-Autopilot/build/px4_sitl_test/msg/topics_sources/rover_speed_setpoint.cpp
Excluding /root/audit/PX4-Autopilot/build/px4_sitl_test/msg/topics_sources/rover_speed_status.cpp
Excluding /root/audit/PX4-Autopilot/build/px4_sitl_test/msg/topics_sources/rover_steering_setpoint.cpp
Excluding /root/audit/PX4-Autopilot/build/px4_sitl_test/msg/topics_sources/rover_throttle_setpoint.cpp
Excluding /root/audit/PX4-Autopilot/build/px4_sitl_test/msg/topics_sources/rpm.cpp
Excluding /root/audit/PX4-Autopilot/build/px4_sitl_test/msg/topics_sources/rtl_status.cpp
Excluding /root/audit/PX4-Autopilot/build/px4_sitl_test/msg/topics_sources/rtl_time_estimate.cpp
Excluding /root/audit/PX4-Autopilot/build/px4_sitl_test/msg/topics_sources/satellite_info.cpp
Excluding /root/audit/PX4-Autopilot/build/px4_sitl_test/msg/topics_sources/sensor_accel.cpp
Excluding /root/audit/PX4-Autopilot/build/px4_sitl_test/msg/topics_sources/sensor_accel_fifo.cpp
Excluding /root/audit/PX4-Autopilot/build/px4_sitl_test/msg/topics_sources/sensor_airflow.cpp
Excluding /root/audit/PX4-Autopilot/build/px4_sitl_test/msg/topics_sources/sensor_baro.cpp
Excluding /root/audit/PX4-Autopilot/build/px4_sitl_test/msg/topics_sources/sensor_combined.cpp
Excluding /root/audit/PX4-Autopilot/build/px4_sitl_test/msg/topics_sources/sensor_correction.cpp
Excluding /root/audit/PX4-Autopilot/build/px4_sitl_test/msg/topics_sources/sensor_gnss_relative.cpp
Excluding /root/audit/PX4-Autopilot/build/px4_sitl_test/msg/topics_sources/sensor_gnss_status.cpp
Excluding /root/audit/PX4-Autopilot/build/px4_sitl_test/msg/topics_sources/sensor_gps.cpp
Excluding /root/audit/PX4-Autopilot/build/px4_sitl_test/msg/topics_sources/sensor_gyro.cpp
Excluding /root/audit/PX4-Autopilot/build/px4_sitl_test/msg/topics_sources/sensor_gyro_fft.cpp
Excluding /root/audit/PX4-Autopilot/build/px4_sitl_test/msg/topics_sources/sensor_gyro_fifo.cpp
Excluding /root/audit/PX4-Autopilot/build/px4_sitl_test/msg/topics_sources/sensor_hygrometer.cpp
Excluding /root/audit/PX4-Autopilot/build/px4_sitl_test/msg/topics_sources/sensor_mag.cpp
Excluding /root/audit/PX4-Autopilot/build/px4_sitl_test/msg/topics_sources/sensor_optical_flow.cpp
Excluding /root/audit/PX4-Autopilot/build/px4_sitl_test/msg/topics_sources/sensor_preflight_mag.cpp
Excluding /root/audit/PX4-Autopilot/build/px4_sitl_test/msg/topics_sources/sensor_selection.cpp
Excluding /root/audit/PX4-Autopilot/build/px4_sitl_test/msg/topics_sources/sensor_uwb.cpp
Excluding /root/audit/PX4-Autopilot/build/px4_sitl_test/msg/topics_sources/sensors_status.cpp
Excluding /root/audit/PX4-Autopilot/build/px4_sitl_test/msg/topics_sources/sensors_status_imu.cpp
Excluding /root/audit/PX4-Autopilot/build/px4_sitl_test/msg/topics_sources/system_power.cpp
Excluding /root/audit/PX4-Autopilot/build/px4_sitl_test/msg/topics_sources/takeoff_status.cpp
Excluding /root/audit/PX4-Autopilot/build/px4_sitl_test/msg/topics_sources/task_stack_info.cpp
Excluding /root/audit/PX4-Autopilot/build/px4_sitl_test/msg/topics_sources/tecs_status.cpp
Excluding /root/audit/PX4-Autopilot/build/px4_sitl_test/msg/topics_sources/telemetry_status.cpp
Excluding /root/audit/PX4-Autopilot/build/px4_sitl_test/msg/topics_sources/tiltrotor_extra_controls.cpp
Excluding /root/audit/PX4-Autopilot/build/px4_sitl_test/msg/topics_sources/timesync_status.cpp
Excluding /root/audit/PX4-Autopilot/build/px4_sitl_test/msg/topics_sources/trajectory_setpoint.cpp
Excluding /root/audit/PX4-Autopilot/build/px4_sitl_test/msg/topics_sources/trajectory_setpoint6dof.cpp
Excluding /root/audit/PX4-Autopilot/build/px4_sitl_test/msg/topics_sources/transponder_report.cpp
Excluding /root/audit/PX4-Autopilot/build/px4_sitl_test/msg/topics_sources/tune_control.cpp
Excluding /root/audit/PX4-Autopilot/build/px4_sitl_test/msg/topics_sources/uORBMessageFieldsGenerated.cpp
Excluding /root/audit/PX4-Autopilot/build/px4_sitl_test/msg/topics_sources/uORBTopics.cpp
Excluding /root/audit/PX4-Autopilot/build/px4_sitl_test/msg/topics_sources/uavcan_parameter_request.cpp
Excluding /root/audit/PX4-Autopilot/build/px4_sitl_test/msg/topics_sources/uavcan_parameter_value.cpp
Excluding /root/audit/PX4-Autopilot/build/px4_sitl_test/msg/topics_sources/ulog_stream.cpp
Excluding /root/audit/PX4-Autopilot/build/px4_sitl_test/msg/topics_sources/ulog_stream_ack.cpp
Excluding /root/audit/PX4-Autopilot/build/px4_sitl_test/msg/topics_sources/unregister_ext_component.cpp
Excluding /root/audit/PX4-Autopilot/build/px4_sitl_test/msg/topics_sources/vehicle_acceleration.cpp
Excluding /root/audit/PX4-Autopilot/build/px4_sitl_test/msg/topics_sources/vehicle_air_data.cpp
Excluding /root/audit/PX4-Autopilot/build/px4_sitl_test/msg/topics_sources/vehicle_angular_acceleration_setpoint.cpp
Excluding /root/audit/PX4-Autopilot/build/px4_sitl_test/msg/topics_sources/vehicle_angular_velocity.cpp
Excluding /root/audit/PX4-Autopilot/build/px4_sitl_test/msg/topics_sources/vehicle_attitude.cpp
Excluding /root/audit/PX4-Autopilot/build/px4_sitl_test/msg/topics_sources/vehicle_attitude_setpoint.cpp
Excluding /root/audit/PX4-Autopilot/build/px4_sitl_test/msg/topics_sources/vehicle_command.cpp
Excluding /root/audit/PX4-Autopilot/build/px4_sitl_test/msg/topics_sources/vehicle_command_ack.cpp
Excluding /root/audit/PX4-Autopilot/build/px4_sitl_test/msg/topics_sources/vehicle_constraints.cpp
Excluding /root/audit/PX4-Autopilot/build/px4_sitl_test/msg/topics_sources/vehicle_control_mode.cpp
Excluding /root/audit/PX4-Autopilot/build/px4_sitl_test/msg/topics_sources/vehicle_global_position.cpp
Excluding /root/audit/PX4-Autopilot/build/px4_sitl_test/msg/topics_sources/vehicle_imu.cpp
Excluding /root/audit/PX4-Autopilot/build/px4_sitl_test/msg/topics_sources/vehicle_imu_status.cpp
Excluding /root/audit/PX4-Autopilot/build/px4_sitl_test/msg/topics_sources/vehicle_land_detected.cpp
Excluding /root/audit/PX4-Autopilot/build/px4_sitl_test/msg/topics_sources/vehicle_local_position.cpp
Excluding /root/audit/PX4-Autopilot/build/px4_sitl_test/msg/topics_sources/vehicle_local_position_setpoint.cpp
Excluding /root/audit/PX4-Autopilot/build/px4_sitl_test/msg/topics_sources/vehicle_magnetometer.cpp
Excluding /root/audit/PX4-Autopilot/build/px4_sitl_test/msg/topics_sources/vehicle_odometry.cpp
Excluding /root/audit/PX4-Autopilot/build/px4_sitl_test/msg/topics_sources/vehicle_optical_flow.cpp
Excluding /root/audit/PX4-Autopilot/build/px4_sitl_test/msg/topics_sources/vehicle_optical_flow_vel.cpp
Excluding /root/audit/PX4-Autopilot/build/px4_sitl_test/msg/topics_sources/vehicle_rates_setpoint.cpp
Excluding /root/audit/PX4-Autopilot/build/px4_sitl_test/msg/topics_sources/vehicle_roi.cpp
Excluding /root/audit/PX4-Autopilot/build/px4_sitl_test/msg/topics_sources/vehicle_status.cpp
Excluding /root/audit/PX4-Autopilot/build/px4_sitl_test/msg/topics_sources/vehicle_thrust_setpoint.cpp
Excluding /root/audit/PX4-Autopilot/build/px4_sitl_test/msg/topics_sources/vehicle_torque_setpoint.cpp
Excluding /root/audit/PX4-Autopilot/build/px4_sitl_test/msg/topics_sources/velocity_limits.cpp
Excluding /root/audit/PX4-Autopilot/build/px4_sitl_test/msg/topics_sources/vtol_vehicle_status.cpp
Excluding /root/audit/PX4-Autopilot/build/px4_sitl_test/msg/topics_sources/wheel_encoders.cpp
Excluding /root/audit/PX4-Autopilot/build/px4_sitl_test/msg/topics_sources/wind.cpp
Excluding /root/audit/PX4-Autopilot/build/px4_sitl_test/msg/topics_sources/yaw_estimator_status.cpp
Excluding /root/audit/PX4-Autopilot/build/px4_sitl_test/uORB/topics/battery_status.h
Excluding /root/audit/PX4-Autopilot/build/px4_sitl_test/uORB/topics/esc_status.h
Excluding /root/audit/PX4-Autopilot/build/px4_sitl_test/uORB/topics/uORBTopics.hpp
Excluding /root/audit/PX4-Autopilot/build/px4_sitl_test/uORB/topics/vehicle_control_mode.h
Excluding /root/audit/PX4-Autopilot/build/px4_sitl_test/uORB/topics/vehicle_land_detected.h
Excluding /root/audit/PX4-Autopilot/build/px4_sitl_test/uORB/topics/vehicle_local_position.h
Excluding /root/audit/PX4-Autopilot/build/px4_sitl_test/uORB/topics/vehicle_status.h
Excluding /root/audit/PX4-Autopilot/platforms/common/external_reset_lockout.cpp
Excluding /root/audit/PX4-Autopilot/platforms/common/include/px4_platform_common/atomic.h
Excluding /root/audit/PX4-Autopilot/platforms/common/include/px4_platform_common/atomic_bitset.h
Excluding /root/audit/PX4-Autopilot/platforms/common/include/px4_platform_common/defines.h
Excluding /root/audit/PX4-Autopilot/platforms/common/include/px4_platform_common/log.h
Excluding /root/audit/PX4-Autopilot/platforms/common/include/px4_platform_common/module.h
Excluding /root/audit/PX4-Autopilot/platforms/common/include/px4_platform_common/module_params.h
Excluding /root/audit/PX4-Autopilot/platforms/common/include/px4_platform_common/param.h
Excluding /root/audit/PX4-Autopilot/platforms/common/include/px4_platform_common/px4_work_queue/ScheduledWorkItem.hpp
Excluding /root/audit/PX4-Autopilot/platforms/common/include/px4_platform_common/px4_work_queue/WorkItem.hpp
Excluding /root/audit/PX4-Autopilot/platforms/common/include/px4_platform_common/px4_work_queue/WorkQueue.hpp
Excluding /root/audit/PX4-Autopilot/platforms/common/include/px4_platform_common/sem.hpp
Excluding /root/audit/PX4-Autopilot/platforms/common/module.cpp
Excluding /root/audit/PX4-Autopilot/platforms/common/px4_log.cpp
Excluding /root/audit/PX4-Autopilot/platforms/common/px4_work_queue/ScheduledWorkItem.cpp
Excluding /root/audit/PX4-Autopilot/platforms/common/px4_work_queue/WorkItem.cpp
Excluding /root/audit/PX4-Autopilot/platforms/common/px4_work_queue/WorkQueue.cpp
Excluding /root/audit/PX4-Autopilot/platforms/common/px4_work_queue/WorkQueueManager.cpp
Excluding /root/audit/PX4-Autopilot/platforms/common/shutdown.cpp
Excluding /root/audit/PX4-Autopilot/platforms/common/uORB/Publication.hpp
Excluding /root/audit/PX4-Autopilot/platforms/common/uORB/PublicationMulti.hpp
Excluding /root/audit/PX4-Autopilot/platforms/common/uORB/Subscription.cpp
Excluding /root/audit/PX4-Autopilot/platforms/common/uORB/Subscription.hpp
Excluding /root/audit/PX4-Autopilot/platforms/common/uORB/SubscriptionCallback.hpp
Excluding /root/audit/PX4-Autopilot/platforms/common/uORB/SubscriptionInterval.cpp
Excluding /root/audit/PX4-Autopilot/platforms/common/uORB/SubscriptionInterval.hpp
Excluding /root/audit/PX4-Autopilot/platforms/common/uORB/uORB.cpp
Excluding /root/audit/PX4-Autopilot/platforms/common/uORB/uORBDeviceMaster.cpp
Excluding /root/audit/PX4-Autopilot/platforms/common/uORB/uORBDeviceMaster.hpp
Excluding /root/audit/PX4-Autopilot/platforms/common/uORB/uORBDeviceNode.cpp
Excluding /root/audit/PX4-Autopilot/platforms/common/uORB/uORBDeviceNode.hpp
Excluding /root/audit/PX4-Autopilot/platforms/common/uORB/uORBManager.cpp
Excluding /root/audit/PX4-Autopilot/platforms/common/uORB/uORBManager.hpp
Excluding /root/audit/PX4-Autopilot/platforms/common/uORB/uORBMessageFields.cpp
Excluding /root/audit/PX4-Autopilot/platforms/common/uORB/uORBMessageFields.hpp
Excluding /root/audit/PX4-Autopilot/platforms/common/uORB/uORBUtils.cpp
Excluding /root/audit/PX4-Autopilot/platforms/common/work_queue/dq_addlast.c
Excluding /root/audit/PX4-Autopilot/platforms/common/work_queue/dq_rem.c
Excluding /root/audit/PX4-Autopilot/platforms/common/work_queue/hrt_queue.c
Excluding /root/audit/PX4-Autopilot/platforms/common/work_queue/hrt_thread.c
Excluding /root/audit/PX4-Autopilot/platforms/common/work_queue/hrt_work_cancel.c
Excluding /root/audit/PX4-Autopilot/platforms/common/work_queue/queue.c
Excluding /root/audit/PX4-Autopilot/platforms/common/work_queue/sq_addafter.c
Excluding /root/audit/PX4-Autopilot/platforms/common/work_queue/sq_addlast.c
Excluding /root/audit/PX4-Autopilot/platforms/common/work_queue/work_lock.c
Excluding /root/audit/PX4-Autopilot/platforms/common/work_queue/work_queue.c
Excluding /root/audit/PX4-Autopilot/platforms/common/work_queue/work_thread.c
Excluding /root/audit/PX4-Autopilot/platforms/posix/include/hrt_work.h
Excluding /root/audit/PX4-Autopilot/platforms/posix/src/px4/common/drv_hrt.cpp
Excluding /root/audit/PX4-Autopilot/platforms/posix/src/px4/common/gtest_runner/gtest_functional_main.cpp
Excluding /root/audit/PX4-Autopilot/platforms/posix/src/px4/common/lib_crc32.c
Excluding /root/audit/PX4-Autopilot/platforms/posix/src/px4/common/px4_daemon/history.cpp
Excluding /root/audit/PX4-Autopilot/platforms/posix/src/px4/common/px4_daemon/history.h
Excluding /root/audit/PX4-Autopilot/platforms/posix/src/px4/common/px4_daemon/pxh.cpp
Excluding /root/audit/PX4-Autopilot/platforms/posix/src/px4/common/px4_daemon/server.cpp
Excluding /root/audit/PX4-Autopilot/platforms/posix/src/px4/common/px4_daemon/server.h
Excluding /root/audit/PX4-Autopilot/platforms/posix/src/px4/common/px4_daemon/server_io.cpp
Excluding /root/audit/PX4-Autopilot/platforms/posix/src/px4/common/px4_daemon/sock_protocol.cpp
Excluding /root/audit/PX4-Autopilot/platforms/posix/src/px4/common/px4_init.cpp
Excluding /root/audit/PX4-Autopilot/platforms/posix/src/px4/common/px4_posix_impl.cpp
Excluding /root/audit/PX4-Autopilot/platforms/posix/src/px4/common/px4_sem.cpp
Excluding /root/audit/PX4-Autopilot/platforms/posix/src/px4/common/tasks.cpp
Excluding /root/audit/PX4-Autopilot/platforms/posix/src/px4/common/test_stubs/stub_daemon.cpp
Excluding /root/audit/PX4-Autopilot/platforms/posix/src/px4/common/test_stubs/stub_daemon.h
Excluding /root/audit/PX4-Autopilot/src/drivers/drv_hrt.h
Excluding /root/audit/PX4-Autopilot/src/include/containers/Array.hpp
Excluding /root/audit/PX4-Autopilot/src/include/containers/BlockingList.hpp
Excluding /root/audit/PX4-Autopilot/src/include/containers/BlockingQueue.hpp
Excluding /root/audit/PX4-Autopilot/src/include/containers/IntrusiveQueue.hpp
Excluding /root/audit/PX4-Autopilot/src/include/containers/IntrusiveSortedList.hpp
Excluding /root/audit/PX4-Autopilot/src/include/containers/List.hpp
Excluding /root/audit/PX4-Autopilot/src/include/containers/LockGuard.hpp
Excluding /root/audit/PX4-Autopilot/src/lib/battery/SqeBatteryTest.cpp
Excluding /root/audit/PX4-Autopilot/src/lib/battery/battery.h
Excluding /root/audit/PX4-Autopilot/src/lib/cdev/CDev.cpp
Excluding /root/audit/PX4-Autopilot/src/lib/cdev/CDev.hpp
Excluding /root/audit/PX4-Autopilot/src/lib/cdev/posix/cdev_platform.cpp
Excluding /root/audit/PX4-Autopilot/src/lib/cdev/posix/cdev_platform.hpp
Excluding /root/audit/PX4-Autopilot/src/lib/drivers/device/Device.hpp
Excluding /root/audit/PX4-Autopilot/src/lib/geo/geo.cpp
Excluding /root/audit/PX4-Autopilot/src/lib/heatshrink/heatshrink/heatshrink_decoder.c
Excluding /root/audit/PX4-Autopilot/src/lib/hysteresis/hysteresis.cpp
Excluding /root/audit/PX4-Autopilot/src/lib/hysteresis/hysteresis.h
Excluding /root/audit/PX4-Autopilot/src/lib/mathlib/math/Functions.hpp
Excluding /root/audit/PX4-Autopilot/src/lib/mathlib/math/Limits.hpp
Excluding /root/audit/PX4-Autopilot/src/lib/mathlib/math/filter/AlphaFilter.hpp
Excluding /root/audit/PX4-Autopilot/src/lib/matrix/matrix/Dcm.hpp
Excluding /root/audit/PX4-Autopilot/src/lib/matrix/matrix/Euler.hpp
Excluding /root/audit/PX4-Autopilot/src/lib/matrix/matrix/Matrix.hpp
Excluding /root/audit/PX4-Autopilot/src/lib/matrix/matrix/Quaternion.hpp
Excluding /root/audit/PX4-Autopilot/src/lib/matrix/matrix/Slice.hpp
Excluding /root/audit/PX4-Autopilot/src/lib/matrix/matrix/SquareMatrix.hpp
Excluding /root/audit/PX4-Autopilot/src/lib/matrix/matrix/Vector.hpp
Excluding /root/audit/PX4-Autopilot/src/lib/matrix/matrix/Vector2.hpp
Excluding /root/audit/PX4-Autopilot/src/lib/matrix/matrix/Vector3.hpp
Excluding /root/audit/PX4-Autopilot/src/lib/matrix/matrix/Vector4.hpp
Excluding /root/audit/PX4-Autopilot/src/lib/matrix/matrix/helper_functions.hpp
Excluding /root/audit/PX4-Autopilot/src/lib/parameters/ConstLayer.h
Excluding /root/audit/PX4-Autopilot/src/lib/parameters/DynamicSparseLayer.h
Excluding /root/audit/PX4-Autopilot/src/lib/parameters/ParamLayer.h
Excluding /root/audit/PX4-Autopilot/src/lib/parameters/atomic_transaction.cpp
Excluding /root/audit/PX4-Autopilot/src/lib/parameters/atomic_transaction.h
Excluding /root/audit/PX4-Autopilot/src/lib/parameters/autosave.cpp
Excluding /root/audit/PX4-Autopilot/src/lib/parameters/autosave.h
Excluding /root/audit/PX4-Autopilot/src/lib/parameters/param.h
Excluding /root/audit/PX4-Autopilot/src/lib/parameters/param_translation_unit_tests.cpp
Excluding /root/audit/PX4-Autopilot/src/lib/parameters/parameters.cpp
Excluding /root/audit/PX4-Autopilot/src/lib/parameters/parameters_common.cpp
Excluding /root/audit/PX4-Autopilot/src/lib/perf/perf_counter.cpp
Excluding /root/audit/PX4-Autopilot/src/lib/tinybson/tinybson.cpp
Excluding /root/audit/PX4-Autopilot/src/modules/commander/failure_detector/FailureDetector.hpp
Excluding /root/audit/PX4-Autopilot/src/modules/commander/failure_detector/FailureInjector.hpp
Excluding /root/audit/PX4-Autopilot/src/modules/commander/failure_detector/SqeFailureDetectorCopyFaultTest.cpp
Excluding /root/audit/PX4-Autopilot/src/modules/commander/failure_detector/SqeFailureDetectorImuTest.cpp
Excluding /root/audit/PX4-Autopilot/src/modules/commander/failure_detector/SqeFailureDetectorTest.cpp
Excluding /root/audit/PX4-Autopilot/src/modules/commander/failure_detector/SqeFailureInjectorParamFaultTest.cpp
Excluding /root/audit/PX4-Autopilot/src/modules/commander/failure_detector/SqeFailureInjectorTest.cpp
Excluding /root/audit/PX4-Autopilot/src/modules/land_detector/AirshipLandDetector.cpp
Excluding /root/audit/PX4-Autopilot/src/modules/land_detector/AirshipLandDetector.h
Excluding /root/audit/PX4-Autopilot/src/modules/land_detector/FixedwingLandDetector.cpp
Excluding /root/audit/PX4-Autopilot/src/modules/land_detector/FixedwingLandDetector.h
Excluding /root/audit/PX4-Autopilot/src/modules/land_detector/LandDetector.h
Excluding /root/audit/PX4-Autopilot/src/modules/land_detector/MulticopterLandDetector.h
Excluding /root/audit/PX4-Autopilot/src/modules/land_detector/RoverLandDetector.cpp
Excluding /root/audit/PX4-Autopilot/src/modules/land_detector/RoverLandDetector.h
Excluding /root/audit/PX4-Autopilot/src/modules/land_detector/SqeLandDetectorBootTest.cpp
Excluding /root/audit/PX4-Autopilot/src/modules/land_detector/SqeLandDetectorRunTest.cpp
Excluding /root/audit/PX4-Autopilot/src/modules/land_detector/SqeMcLandDetectorTest.cpp
Excluding /root/audit/PX4-Autopilot/src/modules/land_detector/VtolLandDetector.cpp
Excluding /root/audit/PX4-Autopilot/src/modules/land_detector/VtolLandDetector.h
Excluding /root/audit/PX4-Autopilot/src/modules/land_detector/land_detector_main.cpp
Excluding /root/audit/PX4-Autopilot/src/modules/sensors/data_validator/DataValidator.hpp
Excluding /root/audit/PX4-Autopilot/src/modules/sensors/data_validator/DataValidatorGroup.hpp
Excluding /root/audit/PX4-Autopilot/src/modules/sensors/data_validator/SqeDataValidatorGroupAllocTest.cpp
Excluding /root/audit/PX4-Autopilot/src/modules/sensors/data_validator/SqeDataValidatorGroupTest.cpp
Excluding /root/audit/PX4-Autopilot/src/modules/sensors/data_validator/SqeDataValidatorTest.cpp
Excluding /root/audit/PX4-Autopilot/test/fuzztest/common/bazel.cc
Excluding /root/audit/PX4-Autopilot/test/fuzztest/common/bazel.h
Excluding /root/audit/PX4-Autopilot/test/fuzztest/common/blob_file.cc
Excluding /root/audit/PX4-Autopilot/test/fuzztest/common/blob_file.h
Excluding /root/audit/PX4-Autopilot/test/fuzztest/common/defs.h
Excluding /root/audit/PX4-Autopilot/test/fuzztest/common/hash.cc
Excluding /root/audit/PX4-Autopilot/test/fuzztest/common/remote_file.cc
Excluding /root/audit/PX4-Autopilot/test/fuzztest/common/remote_file.h
Excluding /root/audit/PX4-Autopilot/test/fuzztest/common/remote_file_oss.cc
Excluding /root/audit/PX4-Autopilot/test/fuzztest/common/sha1.cc
Excluding /root/audit/PX4-Autopilot/test/fuzztest/fuzztest/fuzztest_gtest_main.cc
Excluding /root/audit/PX4-Autopilot/test/fuzztest/fuzztest/init_fuzztest.cc
Excluding /root/audit/PX4-Autopilot/test/fuzztest/fuzztest/internal/any.h
Excluding /root/audit/PX4-Autopilot/test/fuzztest/fuzztest/internal/configuration.cc
Excluding /root/audit/PX4-Autopilot/test/fuzztest/fuzztest/internal/configuration.h
Excluding /root/audit/PX4-Autopilot/test/fuzztest/fuzztest/internal/corpus_database.cc
Excluding /root/audit/PX4-Autopilot/test/fuzztest/fuzztest/internal/corpus_database.h
Excluding /root/audit/PX4-Autopilot/test/fuzztest/fuzztest/internal/coverage.cc
Excluding /root/audit/PX4-Autopilot/test/fuzztest/fuzztest/internal/coverage.h
Excluding /root/audit/PX4-Autopilot/test/fuzztest/fuzztest/internal/domains/domain.h
Excluding /root/audit/PX4-Autopilot/test/fuzztest/fuzztest/internal/googletest_adaptor.cc
Excluding /root/audit/PX4-Autopilot/test/fuzztest/fuzztest/internal/googletest_adaptor.h
Excluding /root/audit/PX4-Autopilot/test/fuzztest/fuzztest/internal/io.cc
Excluding /root/audit/PX4-Autopilot/test/fuzztest/fuzztest/internal/io.h
Excluding /root/audit/PX4-Autopilot/test/fuzztest/fuzztest/internal/logging.cc
Excluding /root/audit/PX4-Autopilot/test/fuzztest/fuzztest/internal/registration.h
Excluding /root/audit/PX4-Autopilot/test/fuzztest/fuzztest/internal/registry.cc
Excluding /root/audit/PX4-Autopilot/test/fuzztest/fuzztest/internal/runtime.cc
Excluding /root/audit/PX4-Autopilot/test/fuzztest/fuzztest/internal/runtime.h
Excluding /root/audit/PX4-Autopilot/test/fuzztest/fuzztest/internal/seed_seq.cc
Excluding /root/audit/PX4-Autopilot/test/fuzztest/fuzztest/internal/serialization.cc
Excluding /root/audit/PX4-Autopilot/test/fuzztest/fuzztest/internal/serialization.h
Excluding /root/audit/PX4-Autopilot/test/fuzztest/fuzztest/internal/status.cc
Excluding /root/audit/PX4-Autopilot/test/fuzztest/fuzztest/internal/table_of_recent_compares.h
Excluding /usr/include/c++/13/array
Excluding /usr/include/c++/13/atomic
Excluding /usr/include/c++/13/bit
Excluding /usr/include/c++/13/bits/alloc_traits.h
Excluding /usr/include/c++/13/bits/allocated_ptr.h
Excluding /usr/include/c++/13/bits/allocator.h
Excluding /usr/include/c++/13/bits/atomic_base.h
Excluding /usr/include/c++/13/bits/basic_string.h
Excluding /usr/include/c++/13/bits/basic_string.tcc
Excluding /usr/include/c++/13/bits/char_traits.h
Excluding /usr/include/c++/13/bits/charconv.h
Excluding /usr/include/c++/13/bits/chrono.h
Excluding /usr/include/c++/13/bits/cpp_type_traits.h
Excluding /usr/include/c++/13/bits/deque.tcc
Excluding /usr/include/c++/13/bits/enable_special_members.h
Excluding /usr/include/c++/13/bits/exception.h
Excluding /usr/include/c++/13/bits/fs_dir.h
Excluding /usr/include/c++/13/bits/fs_ops.h
Excluding /usr/include/c++/13/bits/fs_path.h
Excluding /usr/include/c++/13/bits/functional_hash.h
Excluding /usr/include/c++/13/bits/hashtable.h
Excluding /usr/include/c++/13/bits/hashtable_policy.h
Excluding /usr/include/c++/13/bits/invoke.h
Excluding /usr/include/c++/13/bits/ios_base.h
Excluding /usr/include/c++/13/bits/list.tcc
Excluding /usr/include/c++/13/bits/move.h
Excluding /usr/include/c++/13/bits/new_allocator.h
Excluding /usr/include/c++/13/bits/predefined_ops.h
Excluding /usr/include/c++/13/bits/ptr_traits.h
Excluding /usr/include/c++/13/bits/random.h
Excluding /usr/include/c++/13/bits/random.tcc
Excluding /usr/include/c++/13/bits/range_access.h
Excluding /usr/include/c++/13/bits/refwrap.h
Excluding /usr/include/c++/13/bits/shared_ptr.h
Excluding /usr/include/c++/13/bits/shared_ptr_base.h
Excluding /usr/include/c++/13/bits/std_function.h
Excluding /usr/include/c++/13/bits/std_mutex.h
Excluding /usr/include/c++/13/bits/std_thread.h
Excluding /usr/include/c++/13/bits/stl_algo.h
Excluding /usr/include/c++/13/bits/stl_algobase.h
Excluding /usr/include/c++/13/bits/stl_construct.h
Excluding /usr/include/c++/13/bits/stl_deque.h
Excluding /usr/include/c++/13/bits/stl_function.h
Excluding /usr/include/c++/13/bits/stl_heap.h
Excluding /usr/include/c++/13/bits/stl_iterator.h
Excluding /usr/include/c++/13/bits/stl_iterator_base_funcs.h
Excluding /usr/include/c++/13/bits/stl_iterator_base_types.h
Excluding /usr/include/c++/13/bits/stl_list.h
Excluding /usr/include/c++/13/bits/stl_map.h
Excluding /usr/include/c++/13/bits/stl_numeric.h
Excluding /usr/include/c++/13/bits/stl_pair.h
Excluding /usr/include/c++/13/bits/stl_set.h
Excluding /usr/include/c++/13/bits/stl_stack.h
Excluding /usr/include/c++/13/bits/stl_tempbuf.h
Excluding /usr/include/c++/13/bits/stl_tree.h
Excluding /usr/include/c++/13/bits/stl_uninitialized.h
Excluding /usr/include/c++/13/bits/stl_vector.h
Excluding /usr/include/c++/13/bits/string_view.tcc
Excluding /usr/include/c++/13/bits/this_thread_sleep.h
Excluding /usr/include/c++/13/bits/uniform_int_dist.h
Excluding /usr/include/c++/13/bits/unique_ptr.h
Excluding /usr/include/c++/13/bits/unordered_map.h
Excluding /usr/include/c++/13/bits/unordered_set.h
Excluding /usr/include/c++/13/bits/utility.h
Excluding /usr/include/c++/13/bits/vector.tcc
Excluding /usr/include/c++/13/cmath
Excluding /usr/include/c++/13/ext/aligned_buffer.h
Excluding /usr/include/c++/13/ext/alloc_traits.h
Excluding /usr/include/c++/13/ext/atomicity.h
Excluding /usr/include/c++/13/ext/string_conversions.h
Excluding /usr/include/c++/13/fstream
Excluding /usr/include/c++/13/functional
Excluding /usr/include/c++/13/initializer_list
Excluding /usr/include/c++/13/iomanip
Excluding /usr/include/c++/13/limits
Excluding /usr/include/c++/13/new
Excluding /usr/include/c++/13/optional
Excluding /usr/include/c++/13/string_view
Excluding /usr/include/c++/13/system_error
Excluding /usr/include/c++/13/tuple
Excluding /usr/include/c++/13/type_traits
Excluding /usr/include/c++/13/typeinfo
Excluding /usr/include/c++/13/utility
Excluding /usr/include/c++/13/variant
Excluding /usr/include/elf.h
Excluding /usr/include/x86_64-linux-gnu/bits/pthreadtypes.h
Excluding /usr/include/x86_64-linux-gnu/bits/types/struct_timespec.h
Excluding /usr/include/x86_64-linux-gnu/bits/types/struct_timeval.h
Excluding /usr/include/x86_64-linux-gnu/bits/types/struct_tm.h
Excluding /usr/include/x86_64-linux-gnu/c++/13/bits/c++config.h
Excluding /usr/include/x86_64-linux-gnu/c++/13/bits/gthr-default.h
Excluding /usr/include/x86_64-linux-gnu/sys/poll.h
Excluding /usr/lib/gcc/x86_64-linux-gnu/13/include/emmintrin.h
Removed 838 files
Writing data to /root/audit/results/final/coverage/student/scope.info
Summary coverage rate:
  lines......: 100.0% (897 of 897 lines)
  functions..: 98.4% (60 of 61 functions)
  branches...: 77.6% (859 of 1107 branches)
